Archive member included to satisfy reference by file (symbol)

c:/program files (x86)/atollic/truestudio for stm32 9.3.0/armtools/bin/../lib/gcc/arm-atollic-eabi/6.3.1/../../../../arm-atollic-eabi/lib/armv6-m\libc_nano.a(lib_a-errno.o)
                              Src\syscalls.o (__errno)
c:/program files (x86)/atollic/truestudio for stm32 9.3.0/armtools/bin/../lib/gcc/arm-atollic-eabi/6.3.1/../../../../arm-atollic-eabi/lib/armv6-m\libc_nano.a(lib_a-impure.o)
                              c:/program files (x86)/atollic/truestudio for stm32 9.3.0/armtools/bin/../lib/gcc/arm-atollic-eabi/6.3.1/../../../../arm-atollic-eabi/lib/armv6-m\libc_nano.a(lib_a-errno.o) (_impure_ptr)
c:/program files (x86)/atollic/truestudio for stm32 9.3.0/armtools/bin/../lib/gcc/arm-atollic-eabi/6.3.1/../../../../arm-atollic-eabi/lib/armv6-m\libc_nano.a(lib_a-init.o)
                              startup\startup_stm32f051x8.o (__libc_init_array)
c:/program files (x86)/atollic/truestudio for stm32 9.3.0/armtools/bin/../lib/gcc/arm-atollic-eabi/6.3.1/../../../../arm-atollic-eabi/lib/armv6-m\libc_nano.a(lib_a-memcpy-stub.o)
                              Middlewares\Third_Party\FreeRTOS\Source\queue.o (memcpy)
c:/program files (x86)/atollic/truestudio for stm32 9.3.0/armtools/bin/../lib/gcc/arm-atollic-eabi/6.3.1/../../../../arm-atollic-eabi/lib/armv6-m\libc_nano.a(lib_a-memset.o)
                              Drivers\CMSIS\DSP_Lib\Source\ControllerFunctions\arm_pid_init_f32.o (memset)
c:/program files (x86)/atollic/truestudio for stm32 9.3.0/armtools/bin/../lib/gcc/arm-atollic-eabi/6.3.1/../../../../arm-atollic-eabi/lib/armv6-m\libc_nano.a(lib_a-qsort.o)
                              Src\freertos.o (qsort)
c:/program files (x86)/atollic/truestudio for stm32 9.3.0/armtools/bin/../lib/gcc/arm-atollic-eabi/6.3.1/../../../../arm-atollic-eabi/lib/armv6-m\libm.a(lib_a-wf_sqrt.o)
                              Drivers\CMSIS\DSP_Lib\Source\ComplexMathFunctions\arm_cmplx_mag_f32.o (sqrtf)
c:/program files (x86)/atollic/truestudio for stm32 9.3.0/armtools/bin/../lib/gcc/arm-atollic-eabi/6.3.1/../../../../arm-atollic-eabi/lib/armv6-m\libm.a(lib_a-ef_sqrt.o)
                              c:/program files (x86)/atollic/truestudio for stm32 9.3.0/armtools/bin/../lib/gcc/arm-atollic-eabi/6.3.1/../../../../arm-atollic-eabi/lib/armv6-m\libm.a(lib_a-wf_sqrt.o) (__ieee754_sqrtf)
c:/program files (x86)/atollic/truestudio for stm32 9.3.0/armtools/bin/../lib/gcc/arm-atollic-eabi/6.3.1/../../../../arm-atollic-eabi/lib/armv6-m\libm.a(lib_a-s_lib_ver.o)
                              c:/program files (x86)/atollic/truestudio for stm32 9.3.0/armtools/bin/../lib/gcc/arm-atollic-eabi/6.3.1/../../../../arm-atollic-eabi/lib/armv6-m\libm.a(lib_a-wf_sqrt.o) (__fdlib_version)
c:/program files (x86)/atollic/truestudio for stm32 9.3.0/armtools/bin/../lib/gcc/arm-atollic-eabi/6.3.1/../../../../arm-atollic-eabi/lib/armv6-m\libm.a(lib_a-s_matherr.o)
                              c:/program files (x86)/atollic/truestudio for stm32 9.3.0/armtools/bin/../lib/gcc/arm-atollic-eabi/6.3.1/../../../../arm-atollic-eabi/lib/armv6-m\libm.a(lib_a-wf_sqrt.o) (matherr)
c:/program files (x86)/atollic/truestudio for stm32 9.3.0/armtools/bin/../lib/gcc/arm-atollic-eabi/6.3.1/armv6-m\libgcc.a(_udivsi3.o)
                              Drivers\CMSIS\DSP_Lib\Source\FilteringFunctions\arm_fir_decimate_f32.o (__aeabi_uidiv)
c:/program files (x86)/atollic/truestudio for stm32 9.3.0/armtools/bin/../lib/gcc/arm-atollic-eabi/6.3.1/armv6-m\libgcc.a(_divsi3.o)
                              Drivers\CMSIS\DSP_Lib\Source\FilteringFunctions\arm_fir_interpolate_init_f32.o (__aeabi_idiv)
c:/program files (x86)/atollic/truestudio for stm32 9.3.0/armtools/bin/../lib/gcc/arm-atollic-eabi/6.3.1/armv6-m\libgcc.a(_dvmd_tls.o)
                              c:/program files (x86)/atollic/truestudio for stm32 9.3.0/armtools/bin/../lib/gcc/arm-atollic-eabi/6.3.1/armv6-m\libgcc.a(_udivsi3.o) (__aeabi_idiv0)
c:/program files (x86)/atollic/truestudio for stm32 9.3.0/armtools/bin/../lib/gcc/arm-atollic-eabi/6.3.1/armv6-m\libgcc.a(_arm_cmpdf2.o)
                              Drivers\CMSIS\DSP_Lib\Source\MatrixFunctions\arm_mat_inverse_f64.o (__aeabi_dcmpeq)
c:/program files (x86)/atollic/truestudio for stm32 9.3.0/armtools/bin/../lib/gcc/arm-atollic-eabi/6.3.1/armv6-m\libgcc.a(_arm_cmpsf2.o)
                              Drivers\CMSIS\DSP_Lib\Source\MatrixFunctions\arm_mat_inverse_f32.o (__aeabi_fcmpeq)
c:/program files (x86)/atollic/truestudio for stm32 9.3.0/armtools/bin/../lib/gcc/arm-atollic-eabi/6.3.1/armv6-m\libgcc.a(_clzsi2.o)
                              Drivers\CMSIS\DSP_Lib\Source\FastMathFunctions\arm_sqrt_q15.o (__clzsi2)
c:/program files (x86)/atollic/truestudio for stm32 9.3.0/armtools/bin/../lib/gcc/arm-atollic-eabi/6.3.1/armv6-m\libgcc.a(_aeabi_ldivmod.o)
                              Drivers\CMSIS\DSP_Lib\Source\StatisticsFunctions\arm_mean_q31.o (__aeabi_ldivmod)
[...]
Memory Configuration

Name             Origin             Length             Attributes
RAM              0x20000000         0x00002000         xrw
FLASH            0x08000000         0x00010000         xr
*default*        0x00000000         0xffffffff

Linker script and memory map

LOAD c:/program files (x86)/atollic/truestudio for stm32 9.3.0/armtools/bin/../lib/gcc/arm-atollic-eabi/6.3.1/armv6-m/crti.o
LOAD c:/program files (x86)/atollic/truestudio for stm32 9.3.0/armtools/bin/../lib/gcc/arm-atollic-eabi/6.3.1/armv6-m/crtbegin.o
LOAD Drivers\CMSIS\DSP_Lib\Source\BasicMathFunctions\arm_abs_f32.o
LOAD Drivers\CMSIS\DSP_Lib\Source\BasicMathFunctions\arm_abs_q15.o
LOAD Drivers\CMSIS\DSP_Lib\Source\BasicMathFunctions\arm_abs_q31.o
LOAD Drivers\CMSIS\DSP_Lib\Source\BasicMathFunctions\arm_abs_q7.o
LOAD Drivers\CMSIS\DSP_Lib\Source\BasicMathFunctions\arm_add_f32.o
LOAD Drivers\CMSIS\DSP_Lib\Source\BasicMathFunctions\arm_add_q15.o
LOAD Drivers\CMSIS\DSP_Lib\Source\BasicMathFunctions\arm_add_q31.o
LOAD Drivers\CMSIS\DSP_Lib\Source\BasicMathFunctions\arm_add_q7.o
LOAD Drivers\CMSIS\DSP_Lib\Source\BasicMathFunctions\arm_dot_prod_f32.o
LOAD Drivers\CMSIS\DSP_Lib\Source\BasicMathFunctions\arm_dot_prod_q15.o
LOAD Drivers\CMSIS\DSP_Lib\Source\BasicMathFunctions\arm_dot_prod_q31.o
LOAD Drivers\CMSIS\DSP_Lib\Source\BasicMathFunctions\arm_dot_prod_q7.o
LOAD Drivers\CMSIS\DSP_Lib\Source\BasicMathFunctions\arm_mult_f32.o
LOAD Drivers\CMSIS\DSP_Lib\Source\BasicMathFunctions\arm_mult_q15.o
LOAD Drivers\CMSIS\DSP_Lib\Source\BasicMathFunctions\arm_mult_q31.o
LOAD Drivers\CMSIS\DSP_Lib\Source\BasicMathFunctions\arm_mult_q7.o
LOAD Drivers\CMSIS\DSP_Lib\Source\BasicMathFunctions\arm_negate_f32.o
LOAD Drivers\CMSIS\DSP_Lib\Source\BasicMathFunctions\arm_negate_q15.o
LOAD Drivers\CMSIS\DSP_Lib\Source\BasicMathFunctions\arm_negate_q31.o
LOAD Drivers\CMSIS\DSP_Lib\Source\BasicMathFunctions\arm_negate_q7.o
LOAD Drivers\CMSIS\DSP_Lib\Source\BasicMathFunctions\arm_offset_f32.o
LOAD Drivers\CMSIS\DSP_Lib\Source\BasicMathFunctions\arm_offset_q15.o
LOAD Drivers\CMSIS\DSP_Lib\Source\BasicMathFunctions\arm_offset_q31.o
LOAD Drivers\CMSIS\DSP_Lib\Source\BasicMathFunctions\arm_offset_q7.o
LOAD Drivers\CMSIS\DSP_Lib\Source\BasicMathFunctions\arm_scale_f32.o
LOAD Drivers\CMSIS\DSP_Lib\Source\BasicMathFunctions\arm_scale_q15.o
LOAD Drivers\CMSIS\DSP_Lib\Source\BasicMathFunctions\arm_scale_q31.o
LOAD Drivers\CMSIS\DSP_Lib\Source\BasicMathFunctions\arm_scale_q7.o
LOAD Drivers\CMSIS\DSP_Lib\Source\BasicMathFunctions\arm_shift_q15.o
LOAD Drivers\CMSIS\DSP_Lib\Source\BasicMathFunctions\arm_shift_q31.o
LOAD Drivers\CMSIS\DSP_Lib\Source\BasicMathFunctions\arm_shift_q7.o
LOAD Drivers\CMSIS\DSP_Lib\Source\BasicMathFunctions\arm_sub_f32.o
LOAD Drivers\CMSIS\DSP_Lib\Source\BasicMathFunctions\arm_sub_q15.o
LOAD Drivers\CMSIS\DSP_Lib\Source\BasicMathFunctions\arm_sub_q31.o
LOAD Drivers\CMSIS\DSP_Lib\Source\BasicMathFunctions\arm_sub_q7.o
LOAD Drivers\CMSIS\DSP_Lib\Source\CommonTables\arm_common_tables.o
LOAD Drivers\CMSIS\DSP_Lib\Source\CommonTables\arm_const_structs.o
LOAD Drivers\CMSIS\DSP_Lib\Source\ComplexMathFunctions\arm_cmplx_conj_f32.o
LOAD Drivers\CMSIS\DSP_Lib\Source\ComplexMathFunctions\arm_cmplx_conj_q15.o
LOAD Drivers\CMSIS\DSP_Lib\Source\ComplexMathFunctions\arm_cmplx_conj_q31.o
LOAD Drivers\CMSIS\DSP_Lib\Source\ComplexMathFunctions\arm_cmplx_dot_prod_f32.o
LOAD Drivers\CMSIS\DSP_Lib\Source\ComplexMathFunctions\arm_cmplx_dot_prod_q15.o
LOAD Drivers\CMSIS\DSP_Lib\Source\ComplexMathFunctions\arm_cmplx_dot_prod_q31.o
LOAD Drivers\CMSIS\DSP_Lib\Source\ComplexMathFunctions\arm_cmplx_mag_f32.o
LOAD Drivers\CMSIS\DSP_Lib\Source\ComplexMathFunctions\arm_cmplx_mag_q15.o
LOAD Drivers\CMSIS\DSP_Lib\Source\ComplexMathFunctions\arm_cmplx_mag_q31.o
LOAD Drivers\CMSIS\DSP_Lib\Source\ComplexMathFunctions\arm_cmplx_mag_squared_f32.o
LOAD Drivers\CMSIS\DSP_Lib\Source\ComplexMathFunctions\arm_cmplx_mag_squared_q15.o
LOAD Drivers\CMSIS\DSP_Lib\Source\ComplexMathFunctions\arm_cmplx_mag_squared_q31.o
LOAD Drivers\CMSIS\DSP_Lib\Source\ComplexMathFunctions\arm_cmplx_mult_cmplx_f32.o
LOAD Drivers\CMSIS\DSP_Lib\Source\ComplexMathFunctions\arm_cmplx_mult_cmplx_q15.o
LOAD Drivers\CMSIS\DSP_Lib\Source\ComplexMathFunctions\arm_cmplx_mult_cmplx_q31.o
LOAD Drivers\CMSIS\DSP_Lib\Source\ComplexMathFunctions\arm_cmplx_mult_real_f32.o
LOAD Drivers\CMSIS\DSP_Lib\Source\ComplexMathFunctions\arm_cmplx_mult_real_q15.o
LOAD Drivers\CMSIS\DSP_Lib\Source\ComplexMathFunctions\arm_cmplx_mult_real_q31.o
LOAD Drivers\CMSIS\DSP_Lib\Source\ControllerFunctions\arm_pid_init_f32.o
LOAD Drivers\CMSIS\DSP_Lib\Source\ControllerFunctions\arm_pid_init_q15.o
LOAD Drivers\CMSIS\DSP_Lib\Source\ControllerFunctions\arm_pid_init_q31.o
LOAD Drivers\CMSIS\DSP_Lib\Source\ControllerFunctions\arm_pid_reset_f32.o
LOAD Drivers\CMSIS\DSP_Lib\Source\ControllerFunctions\arm_pid_reset_q15.o
LOAD Drivers\CMSIS\DSP_Lib\Source\ControllerFunctions\arm_pid_reset_q31.o
LOAD Drivers\CMSIS\DSP_Lib\Source\ControllerFunctions\arm_sin_cos_f32.o
LOAD Drivers\CMSIS\DSP_Lib\Source\ControllerFunctions\arm_sin_cos_q31.o
LOAD Drivers\CMSIS\DSP_Lib\Source\FastMathFunctions\arm_cos_f32.o
LOAD Drivers\CMSIS\DSP_Lib\Source\FastMathFunctions\arm_cos_q15.o
LOAD Drivers\CMSIS\DSP_Lib\Source\FastMathFunctions\arm_cos_q31.o
LOAD Drivers\CMSIS\DSP_Lib\Source\FastMathFunctions\arm_sin_f32.o
LOAD Drivers\CMSIS\DSP_Lib\Source\FastMathFunctions\arm_sin_q15.o
LOAD Drivers\CMSIS\DSP_Lib\Source\FastMathFunctions\arm_sin_q31.o
LOAD Drivers\CMSIS\DSP_Lib\Source\FastMathFunctions\arm_sqrt_q15.o
LOAD Drivers\CMSIS\DSP_Lib\Source\FastMathFunctions\arm_sqrt_q31.o
LOAD Drivers\CMSIS\DSP_Lib\Source\FilteringFunctions\arm_biquad_cascade_df1_32x64_init_q31.o
LOAD Drivers\CMSIS\DSP_Lib\Source\FilteringFunctions\arm_biquad_cascade_df1_32x64_q31.o
LOAD Drivers\CMSIS\DSP_Lib\Source\FilteringFunctions\arm_biquad_cascade_df1_f32.o
LOAD Drivers\CMSIS\DSP_Lib\Source\FilteringFunctions\arm_biquad_cascade_df1_fast_q15.o
LOAD Drivers\CMSIS\DSP_Lib\Source\FilteringFunctions\arm_biquad_cascade_df1_fast_q31.o
LOAD Drivers\CMSIS\DSP_Lib\Source\FilteringFunctions\arm_biquad_cascade_df1_init_f32.o
LOAD Drivers\CMSIS\DSP_Lib\Source\FilteringFunctions\arm_biquad_cascade_df1_init_q15.o
LOAD Drivers\CMSIS\DSP_Lib\Source\FilteringFunctions\arm_biquad_cascade_df1_init_q31.o
LOAD Drivers\CMSIS\DSP_Lib\Source\FilteringFunctions\arm_biquad_cascade_df1_q15.o
LOAD Drivers\CMSIS\DSP_Lib\Source\FilteringFunctions\arm_biquad_cascade_df1_q31.o
LOAD Drivers\CMSIS\DSP_Lib\Source\FilteringFunctions\arm_biquad_cascade_df2T_f32.o
LOAD Drivers\CMSIS\DSP_Lib\Source\FilteringFunctions\arm_biquad_cascade_df2T_f64.o
LOAD Drivers\CMSIS\DSP_Lib\Source\FilteringFunctions\arm_biquad_cascade_df2T_init_f32.o
LOAD Drivers\CMSIS\DSP_Lib\Source\FilteringFunctions\arm_biquad_cascade_df2T_init_f64.o
LOAD Drivers\CMSIS\DSP_Lib\Source\FilteringFunctions\arm_biquad_cascade_stereo_df2T_f32.o
LOAD Drivers\CMSIS\DSP_Lib\Source\FilteringFunctions\arm_biquad_cascade_stereo_df2T_init_f32.o
LOAD Drivers\CMSIS\DSP_Lib\Source\FilteringFunctions\arm_conv_f32.o
LOAD Drivers\CMSIS\DSP_Lib\Source\FilteringFunctions\arm_conv_fast_opt_q15.o
LOAD Drivers\CMSIS\DSP_Lib\Source\FilteringFunctions\arm_conv_fast_q15.o
LOAD Drivers\CMSIS\DSP_Lib\Source\FilteringFunctions\arm_conv_fast_q31.o
LOAD Drivers\CMSIS\DSP_Lib\Source\FilteringFunctions\arm_conv_opt_q15.o
LOAD Drivers\CMSIS\DSP_Lib\Source\FilteringFunctions\arm_conv_opt_q7.o
LOAD Drivers\CMSIS\DSP_Lib\Source\FilteringFunctions\arm_conv_partial_f32.o
LOAD Drivers\CMSIS\DSP_Lib\Source\FilteringFunctions\arm_conv_partial_fast_opt_q15.o
LOAD Drivers\CMSIS\DSP_Lib\Source\FilteringFunctions\arm_conv_partial_fast_q15.o
LOAD Drivers\CMSIS\DSP_Lib\Source\FilteringFunctions\arm_conv_partial_fast_q31.o
LOAD Drivers\CMSIS\DSP_Lib\Source\FilteringFunctions\arm_conv_partial_opt_q15.o
LOAD Drivers\CMSIS\DSP_Lib\Source\FilteringFunctions\arm_conv_partial_opt_q7.o
LOAD Drivers\CMSIS\DSP_Lib\Source\FilteringFunctions\arm_conv_partial_q15.o
LOAD Drivers\CMSIS\DSP_Lib\Source\FilteringFunctions\arm_conv_partial_q31.o
LOAD Drivers\CMSIS\DSP_Lib\Source\FilteringFunctions\arm_conv_partial_q7.o
LOAD Drivers\CMSIS\DSP_Lib\Source\FilteringFunctions\arm_conv_q15.o
LOAD Drivers\CMSIS\DSP_Lib\Source\FilteringFunctions\arm_conv_q31.o
LOAD Drivers\CMSIS\DSP_Lib\Source\FilteringFunctions\arm_conv_q7.o
LOAD Drivers\CMSIS\DSP_Lib\Source\FilteringFunctions\arm_correlate_f32.o
LOAD Drivers\CMSIS\DSP_Lib\Source\FilteringFunctions\arm_correlate_fast_opt_q15.o
LOAD Drivers\CMSIS\DSP_Lib\Source\FilteringFunctions\arm_correlate_fast_q15.o
LOAD Drivers\CMSIS\DSP_Lib\Source\FilteringFunctions\arm_correlate_fast_q31.o
LOAD Drivers\CMSIS\DSP_Lib\Source\FilteringFunctions\arm_correlate_opt_q15.o
LOAD Drivers\CMSIS\DSP_Lib\Source\FilteringFunctions\arm_correlate_opt_q7.o
LOAD Drivers\CMSIS\DSP_Lib\Source\FilteringFunctions\arm_correlate_q15.o
LOAD Drivers\CMSIS\DSP_Lib\Source\FilteringFunctions\arm_correlate_q31.o
LOAD Drivers\CMSIS\DSP_Lib\Source\FilteringFunctions\arm_correlate_q7.o
LOAD Drivers\CMSIS\DSP_Lib\Source\FilteringFunctions\arm_fir_decimate_f32.o
LOAD Drivers\CMSIS\DSP_Lib\Source\FilteringFunctions\arm_fir_decimate_fast_q15.o
LOAD Drivers\CMSIS\DSP_Lib\Source\FilteringFunctions\arm_fir_decimate_fast_q31.o
LOAD Drivers\CMSIS\DSP_Lib\Source\FilteringFunctions\arm_fir_decimate_init_f32.o
LOAD Drivers\CMSIS\DSP_Lib\Source\FilteringFunctions\arm_fir_decimate_init_q15.o
LOAD Drivers\CMSIS\DSP_Lib\Source\FilteringFunctions\arm_fir_decimate_init_q31.o
LOAD Drivers\CMSIS\DSP_Lib\Source\FilteringFunctions\arm_fir_decimate_q15.o
LOAD Drivers\CMSIS\DSP_Lib\Source\FilteringFunctions\arm_fir_decimate_q31.o
LOAD Drivers\CMSIS\DSP_Lib\Source\FilteringFunctions\arm_fir_f32.o
LOAD Drivers\CMSIS\DSP_Lib\Source\FilteringFunctions\arm_fir_fast_q15.o
LOAD Drivers\CMSIS\DSP_Lib\Source\FilteringFunctions\arm_fir_fast_q31.o
LOAD Drivers\CMSIS\DSP_Lib\Source\FilteringFunctions\arm_fir_init_f32.o
LOAD Drivers\CMSIS\DSP_Lib\Source\FilteringFunctions\arm_fir_init_q15.o
LOAD Drivers\CMSIS\DSP_Lib\Source\FilteringFunctions\arm_fir_init_q31.o
LOAD Drivers\CMSIS\DSP_Lib\Source\FilteringFunctions\arm_fir_init_q7.o
LOAD Drivers\CMSIS\DSP_Lib\Source\FilteringFunctions\arm_fir_interpolate_f32.o
LOAD Drivers\CMSIS\DSP_Lib\Source\FilteringFunctions\arm_fir_interpolate_init_f32.o
LOAD Drivers\CMSIS\DSP_Lib\Source\FilteringFunctions\arm_fir_interpolate_init_q15.o
LOAD Drivers\CMSIS\DSP_Lib\Source\FilteringFunctions\arm_fir_interpolate_init_q31.o
LOAD Drivers\CMSIS\DSP_Lib\Source\FilteringFunctions\arm_fir_interpolate_q15.o
LOAD Drivers\CMSIS\DSP_Lib\Source\FilteringFunctions\arm_fir_interpolate_q31.o
LOAD Drivers\CMSIS\DSP_Lib\Source\FilteringFunctions\arm_fir_lattice_f32.o
LOAD Drivers\CMSIS\DSP_Lib\Source\FilteringFunctions\arm_fir_lattice_init_f32.o
LOAD Drivers\CMSIS\DSP_Lib\Source\FilteringFunctions\arm_fir_lattice_init_q15.o
LOAD Drivers\CMSIS\DSP_Lib\Source\FilteringFunctions\arm_fir_lattice_init_q31.o
LOAD Drivers\CMSIS\DSP_Lib\Source\FilteringFunctions\arm_fir_lattice_q15.o
LOAD Drivers\CMSIS\DSP_Lib\Source\FilteringFunctions\arm_fir_lattice_q31.o
LOAD Drivers\CMSIS\DSP_Lib\Source\FilteringFunctions\arm_fir_q15.o
LOAD Drivers\CMSIS\DSP_Lib\Source\FilteringFunctions\arm_fir_q31.o
LOAD Drivers\CMSIS\DSP_Lib\Source\FilteringFunctions\arm_fir_q7.o
LOAD Drivers\CMSIS\DSP_Lib\Source\FilteringFunctions\arm_fir_sparse_f32.o
LOAD Drivers\CMSIS\DSP_Lib\Source\FilteringFunctions\arm_fir_sparse_init_f32.o
LOAD Drivers\CMSIS\DSP_Lib\Source\FilteringFunctions\arm_fir_sparse_init_q15.o
LOAD Drivers\CMSIS\DSP_Lib\Source\FilteringFunctions\arm_fir_sparse_init_q31.o
LOAD Drivers\CMSIS\DSP_Lib\Source\FilteringFunctions\arm_fir_sparse_init_q7.o
LOAD Drivers\CMSIS\DSP_Lib\Source\FilteringFunctions\arm_fir_sparse_q15.o
LOAD Drivers\CMSIS\DSP_Lib\Source\FilteringFunctions\arm_fir_sparse_q31.o
LOAD Drivers\CMSIS\DSP_Lib\Source\FilteringFunctions\arm_fir_sparse_q7.o
LOAD Drivers\CMSIS\DSP_Lib\Source\FilteringFunctions\arm_iir_lattice_f32.o
LOAD Drivers\CMSIS\DSP_Lib\Source\FilteringFunctions\arm_iir_lattice_init_f32.o
LOAD Drivers\CMSIS\DSP_Lib\Source\FilteringFunctions\arm_iir_lattice_init_q15.o
LOAD Drivers\CMSIS\DSP_Lib\Source\FilteringFunctions\arm_iir_lattice_init_q31.o
LOAD Drivers\CMSIS\DSP_Lib\Source\FilteringFunctions\arm_iir_lattice_q15.o
LOAD Drivers\CMSIS\DSP_Lib\Source\FilteringFunctions\arm_iir_lattice_q31.o
LOAD Drivers\CMSIS\DSP_Lib\Source\FilteringFunctions\arm_lms_f32.o
LOAD Drivers\CMSIS\DSP_Lib\Source\FilteringFunctions\arm_lms_init_f32.o
LOAD Drivers\CMSIS\DSP_Lib\Source\FilteringFunctions\arm_lms_init_q15.o
LOAD Drivers\CMSIS\DSP_Lib\Source\FilteringFunctions\arm_lms_init_q31.o
LOAD Drivers\CMSIS\DSP_Lib\Source\FilteringFunctions\arm_lms_norm_f32.o
LOAD Drivers\CMSIS\DSP_Lib\Source\FilteringFunctions\arm_lms_norm_init_f32.o
LOAD Drivers\CMSIS\DSP_Lib\Source\FilteringFunctions\arm_lms_norm_init_q15.o
LOAD Drivers\CMSIS\DSP_Lib\Source\FilteringFunctions\arm_lms_norm_init_q31.o
LOAD Drivers\CMSIS\DSP_Lib\Source\FilteringFunctions\arm_lms_norm_q15.o
LOAD Drivers\CMSIS\DSP_Lib\Source\FilteringFunctions\arm_lms_norm_q31.o
LOAD Drivers\CMSIS\DSP_Lib\Source\FilteringFunctions\arm_lms_q15.o
LOAD Drivers\CMSIS\DSP_Lib\Source\FilteringFunctions\arm_lms_q31.o
LOAD Drivers\CMSIS\DSP_Lib\Source\MatrixFunctions\arm_mat_add_f32.o
LOAD Drivers\CMSIS\DSP_Lib\Source\MatrixFunctions\arm_mat_add_q15.o
LOAD Drivers\CMSIS\DSP_Lib\Source\MatrixFunctions\arm_mat_add_q31.o
LOAD Drivers\CMSIS\DSP_Lib\Source\MatrixFunctions\arm_mat_cmplx_mult_f32.o
LOAD Drivers\CMSIS\DSP_Lib\Source\MatrixFunctions\arm_mat_cmplx_mult_q15.o
LOAD Drivers\CMSIS\DSP_Lib\Source\MatrixFunctions\arm_mat_cmplx_mult_q31.o
LOAD Drivers\CMSIS\DSP_Lib\Source\MatrixFunctions\arm_mat_init_f32.o
LOAD Drivers\CMSIS\DSP_Lib\Source\MatrixFunctions\arm_mat_init_q15.o
LOAD Drivers\CMSIS\DSP_Lib\Source\MatrixFunctions\arm_mat_init_q31.o
LOAD Drivers\CMSIS\DSP_Lib\Source\MatrixFunctions\arm_mat_inverse_f32.o
LOAD Drivers\CMSIS\DSP_Lib\Source\MatrixFunctions\arm_mat_inverse_f64.o
LOAD Drivers\CMSIS\DSP_Lib\Source\MatrixFunctions\arm_mat_mult_f32.o
LOAD Drivers\CMSIS\DSP_Lib\Source\MatrixFunctions\arm_mat_mult_fast_q15.o
LOAD Drivers\CMSIS\DSP_Lib\Source\MatrixFunctions\arm_mat_mult_fast_q31.o
LOAD Drivers\CMSIS\DSP_Lib\Source\MatrixFunctions\arm_mat_mult_q15.o
LOAD Drivers\CMSIS\DSP_Lib\Source\MatrixFunctions\arm_mat_mult_q31.o
LOAD Drivers\CMSIS\DSP_Lib\Source\MatrixFunctions\arm_mat_scale_f32.o
LOAD Drivers\CMSIS\DSP_Lib\Source\MatrixFunctions\arm_mat_scale_q15.o
LOAD Drivers\CMSIS\DSP_Lib\Source\MatrixFunctions\arm_mat_scale_q31.o
LOAD Drivers\CMSIS\DSP_Lib\Source\MatrixFunctions\arm_mat_sub_f32.o
LOAD Drivers\CMSIS\DSP_Lib\Source\MatrixFunctions\arm_mat_sub_q15.o
LOAD Drivers\CMSIS\DSP_Lib\Source\MatrixFunctions\arm_mat_sub_q31.o
LOAD Drivers\CMSIS\DSP_Lib\Source\MatrixFunctions\arm_mat_trans_f32.o
LOAD Drivers\CMSIS\DSP_Lib\Source\MatrixFunctions\arm_mat_trans_q15.o
LOAD Drivers\CMSIS\DSP_Lib\Source\MatrixFunctions\arm_mat_trans_q31.o
LOAD Drivers\CMSIS\DSP_Lib\Source\StatisticsFunctions\arm_max_f32.o
LOAD Drivers\CMSIS\DSP_Lib\Source\StatisticsFunctions\arm_max_q15.o
LOAD Drivers\CMSIS\DSP_Lib\Source\StatisticsFunctions\arm_max_q31.o
LOAD Drivers\CMSIS\DSP_Lib\Source\StatisticsFunctions\arm_max_q7.o
LOAD Drivers\CMSIS\DSP_Lib\Source\StatisticsFunctions\arm_mean_f32.o
LOAD Drivers\CMSIS\DSP_Lib\Source\StatisticsFunctions\arm_mean_q15.o
LOAD Drivers\CMSIS\DSP_Lib\Source\StatisticsFunctions\arm_mean_q31.o
LOAD Drivers\CMSIS\DSP_Lib\Source\StatisticsFunctions\arm_mean_q7.o
LOAD Drivers\CMSIS\DSP_Lib\Source\StatisticsFunctions\arm_min_f32.o
LOAD Drivers\CMSIS\DSP_Lib\Source\StatisticsFunctions\arm_min_q15.o
LOAD Drivers\CMSIS\DSP_Lib\Source\StatisticsFunctions\arm_min_q31.o
LOAD Drivers\CMSIS\DSP_Lib\Source\StatisticsFunctions\arm_min_q7.o
LOAD Drivers\CMSIS\DSP_Lib\Source\StatisticsFunctions\arm_power_f32.o
LOAD Drivers\CMSIS\DSP_Lib\Source\StatisticsFunctions\arm_power_q15.o
LOAD Drivers\CMSIS\DSP_Lib\Source\StatisticsFunctions\arm_power_q31.o
LOAD Drivers\CMSIS\DSP_Lib\Source\StatisticsFunctions\arm_power_q7.o
LOAD Drivers\CMSIS\DSP_Lib\Source\StatisticsFunctions\arm_rms_f32.o
LOAD Drivers\CMSIS\DSP_Lib\Source\StatisticsFunctions\arm_rms_q15.o
LOAD Drivers\CMSIS\DSP_Lib\Source\StatisticsFunctions\arm_rms_q31.o
LOAD Drivers\CMSIS\DSP_Lib\Source\StatisticsFunctions\arm_std_f32.o
LOAD Drivers\CMSIS\DSP_Lib\Source\StatisticsFunctions\arm_std_q15.o
LOAD Drivers\CMSIS\DSP_Lib\Source\StatisticsFunctions\arm_std_q31.o
LOAD Drivers\CMSIS\DSP_Lib\Source\StatisticsFunctions\arm_var_f32.o
LOAD Drivers\CMSIS\DSP_Lib\Source\StatisticsFunctions\arm_var_q15.o
LOAD Drivers\CMSIS\DSP_Lib\Source\StatisticsFunctions\arm_var_q31.o
LOAD Drivers\CMSIS\DSP_Lib\Source\SupportFunctions\arm_copy_f32.o
LOAD Drivers\CMSIS\DSP_Lib\Source\SupportFunctions\arm_copy_q15.o
LOAD Drivers\CMSIS\DSP_Lib\Source\SupportFunctions\arm_copy_q31.o
LOAD Drivers\CMSIS\DSP_Lib\Source\SupportFunctions\arm_copy_q7.o
LOAD Drivers\CMSIS\DSP_Lib\Source\SupportFunctions\arm_fill_f32.o
LOAD Drivers\CMSIS\DSP_Lib\Source\SupportFunctions\arm_fill_q15.o
LOAD Drivers\CMSIS\DSP_Lib\Source\SupportFunctions\arm_fill_q31.o
LOAD Drivers\CMSIS\DSP_Lib\Source\SupportFunctions\arm_fill_q7.o
LOAD Drivers\CMSIS\DSP_Lib\Source\SupportFunctions\arm_float_to_q15.o
LOAD Drivers\CMSIS\DSP_Lib\Source\SupportFunctions\arm_float_to_q31.o
LOAD Drivers\CMSIS\DSP_Lib\Source\SupportFunctions\arm_float_to_q7.o
LOAD Drivers\CMSIS\DSP_Lib\Source\SupportFunctions\arm_q15_to_float.o
LOAD Drivers\CMSIS\DSP_Lib\Source\SupportFunctions\arm_q15_to_q31.o
LOAD Drivers\CMSIS\DSP_Lib\Source\SupportFunctions\arm_q15_to_q7.o
LOAD Drivers\CMSIS\DSP_Lib\Source\SupportFunctions\arm_q31_to_float.o
LOAD Drivers\CMSIS\DSP_Lib\Source\SupportFunctions\arm_q31_to_q15.o
LOAD Drivers\CMSIS\DSP_Lib\Source\SupportFunctions\arm_q31_to_q7.o
LOAD Drivers\CMSIS\DSP_Lib\Source\SupportFunctions\arm_q7_to_float.o
LOAD Drivers\CMSIS\DSP_Lib\Source\SupportFunctions\arm_q7_to_q15.o
LOAD Drivers\CMSIS\DSP_Lib\Source\SupportFunctions\arm_q7_to_q31.o
LOAD Drivers\CMSIS\DSP_Lib\Source\TransformFunctions\arm_bitreversal.o
LOAD Drivers\CMSIS\DSP_Lib\Source\TransformFunctions\arm_cfft_f32.o
LOAD Drivers\CMSIS\DSP_Lib\Source\TransformFunctions\arm_cfft_q15.o
LOAD Drivers\CMSIS\DSP_Lib\Source\TransformFunctions\arm_cfft_q31.o
LOAD Drivers\CMSIS\DSP_Lib\Source\TransformFunctions\arm_cfft_radix2_f32.o
LOAD Drivers\CMSIS\DSP_Lib\Source\TransformFunctions\arm_cfft_radix2_init_f32.o
LOAD Drivers\CMSIS\DSP_Lib\Source\TransformFunctions\arm_cfft_radix2_init_q15.o
LOAD Drivers\CMSIS\DSP_Lib\Source\TransformFunctions\arm_cfft_radix2_init_q31.o
LOAD Drivers\CMSIS\DSP_Lib\Source\TransformFunctions\arm_cfft_radix2_q15.o
LOAD Drivers\CMSIS\DSP_Lib\Source\TransformFunctions\arm_cfft_radix2_q31.o
LOAD Drivers\CMSIS\DSP_Lib\Source\TransformFunctions\arm_cfft_radix4_f32.o
LOAD Drivers\CMSIS\DSP_Lib\Source\TransformFunctions\arm_cfft_radix4_init_f32.o
LOAD Drivers\CMSIS\DSP_Lib\Source\TransformFunctions\arm_cfft_radix4_init_q15.o
LOAD Drivers\CMSIS\DSP_Lib\Source\TransformFunctions\arm_cfft_radix4_init_q31.o
LOAD Drivers\CMSIS\DSP_Lib\Source\TransformFunctions\arm_cfft_radix4_q15.o
LOAD Drivers\CMSIS\DSP_Lib\Source\TransformFunctions\arm_cfft_radix4_q31.o
LOAD Drivers\CMSIS\DSP_Lib\Source\TransformFunctions\arm_cfft_radix8_f32.o
LOAD Drivers\CMSIS\DSP_Lib\Source\TransformFunctions\arm_dct4_f32.o
LOAD Drivers\CMSIS\DSP_Lib\Source\TransformFunctions\arm_dct4_init_f32.o
LOAD Drivers\CMSIS\DSP_Lib\Source\TransformFunctions\arm_dct4_init_q15.o
LOAD Drivers\CMSIS\DSP_Lib\Source\TransformFunctions\arm_dct4_init_q31.o
LOAD Drivers\CMSIS\DSP_Lib\Source\TransformFunctions\arm_dct4_q15.o
LOAD Drivers\CMSIS\DSP_Lib\Source\TransformFunctions\arm_dct4_q31.o
LOAD Drivers\CMSIS\DSP_Lib\Source\TransformFunctions\arm_rfft_f32.o
LOAD Drivers\CMSIS\DSP_Lib\Source\TransformFunctions\arm_rfft_fast_f32.o
LOAD Drivers\CMSIS\DSP_Lib\Source\TransformFunctions\arm_rfft_fast_init_f32.o
LOAD Drivers\CMSIS\DSP_Lib\Source\TransformFunctions\arm_rfft_init_f32.o
LOAD Drivers\CMSIS\DSP_Lib\Source\TransformFunctions\arm_rfft_init_q15.o
LOAD Drivers\CMSIS\DSP_Lib\Source\TransformFunctions\arm_rfft_init_q31.o
LOAD Drivers\CMSIS\DSP_Lib\Source\TransformFunctions\arm_rfft_q15.o
LOAD Drivers\CMSIS\DSP_Lib\Source\TransformFunctions\arm_rfft_q31.o
LOAD Drivers\STM32F0xx_HAL_Driver\Src\stm32f0xx_hal.o
LOAD Drivers\STM32F0xx_HAL_Driver\Src\stm32f0xx_hal_adc.o
LOAD Drivers\STM32F0xx_HAL_Driver\Src\stm32f0xx_hal_adc_ex.o
LOAD Drivers\STM32F0xx_HAL_Driver\Src\stm32f0xx_hal_cortex.o
LOAD Drivers\STM32F0xx_HAL_Driver\Src\stm32f0xx_hal_dma.o
LOAD Drivers\STM32F0xx_HAL_Driver\Src\stm32f0xx_hal_flash.o
LOAD Drivers\STM32F0xx_HAL_Driver\Src\stm32f0xx_hal_flash_ex.o
LOAD Drivers\STM32F0xx_HAL_Driver\Src\stm32f0xx_hal_gpio.o
LOAD Drivers\STM32F0xx_HAL_Driver\Src\stm32f0xx_hal_i2c.o
LOAD Drivers\STM32F0xx_HAL_Driver\Src\stm32f0xx_hal_i2c_ex.o
LOAD Drivers\STM32F0xx_HAL_Driver\Src\stm32f0xx_hal_pwr.o
LOAD Drivers\STM32F0xx_HAL_Driver\Src\stm32f0xx_hal_pwr_ex.o
LOAD Drivers\STM32F0xx_HAL_Driver\Src\stm32f0xx_hal_rcc.o
LOAD Drivers\STM32F0xx_HAL_Driver\Src\stm32f0xx_hal_rcc_ex.o
LOAD Drivers\STM32F0xx_HAL_Driver\Src\stm32f0xx_hal_tim.o
LOAD Drivers\STM32F0xx_HAL_Driver\Src\stm32f0xx_hal_tim_ex.o
LOAD Middlewares\Third_Party\FreeRTOS\Source\CMSIS_RTOS\cmsis_os.o
LOAD Middlewares\Third_Party\FreeRTOS\Source\croutine.o
LOAD Middlewares\Third_Party\FreeRTOS\Source\event_groups.o
LOAD Middlewares\Third_Party\FreeRTOS\Source\list.o
LOAD Middlewares\Third_Party\FreeRTOS\Source\portable\GCC\ARM_CM0\port.o
LOAD Middlewares\Third_Party\FreeRTOS\Source\portable\MemMang\heap_4.o
LOAD Middlewares\Third_Party\FreeRTOS\Source\queue.o
LOAD Middlewares\Third_Party\FreeRTOS\Source\tasks.o
LOAD Middlewares\Third_Party\FreeRTOS\Source\timers.o
LOAD Src\adc.o
LOAD Src\dma.o
LOAD Src\freertos.o
LOAD Src\gpio.o
LOAD Src\main.o
LOAD Src\stm32f0xx_hal_msp.o
LOAD Src\stm32f0xx_hal_timebase_tim.o
LOAD Src\stm32f0xx_it.o
LOAD Src\syscalls.o
LOAD Src\system_stm32f0xx.o
LOAD Src\tim.o
LOAD startup\startup_stm32f051x8.o
                0x00000080                malloc_getpagesize_P = 0x80
START GROUP
LOAD c:/program files (x86)/atollic/truestudio for stm32 9.3.0/armtools/bin/../lib/gcc/arm-atollic-eabi/6.3.1/../../../../arm-atollic-eabi/lib/armv6-m\libc_nano.a
LOAD c:/program files (x86)/atollic/truestudio for stm32 9.3.0/armtools/bin/../lib/gcc/arm-atollic-eabi/6.3.1/../../../../arm-atollic-eabi/lib/armv6-m\libm.a
END GROUP
START GROUP
LOAD c:/program files (x86)/atollic/truestudio for stm32 9.3.0/armtools/bin/../lib/gcc/arm-atollic-eabi/6.3.1/armv6-m\libgcc.a
LOAD c:/program files (x86)/atollic/truestudio for stm32 9.3.0/armtools/bin/../lib/gcc/arm-atollic-eabi/6.3.1/../../../../arm-atollic-eabi/lib/armv6-m\libc_nano.a
END GROUP
START GROUP
LOAD c:/program files (x86)/atollic/truestudio for stm32 9.3.0/armtools/bin/../lib/gcc/arm-atollic-eabi/6.3.1/armv6-m\libgcc.a
LOAD c:/program files (x86)/atollic/truestudio for stm32 9.3.0/armtools/bin/../lib/gcc/arm-atollic-eabi/6.3.1/../../../../arm-atollic-eabi/lib/armv6-m\libc_nano.a
LOAD c:/program files (x86)/atollic/truestudio for stm32 9.3.0/armtools/bin/../lib/gcc/arm-atollic-eabi/6.3.1/../../../../arm-atollic-eabi/lib/armv6-m\libnosys.a
END GROUP
START GROUP
LOAD c:/program files (x86)/atollic/truestudio for stm32 9.3.0/armtools/bin/../lib/gcc/arm-atollic-eabi/6.3.1/armv6-m\libgcc.a
LOAD c:/program files (x86)/atollic/truestudio for stm32 9.3.0/armtools/bin/../lib/gcc/arm-atollic-eabi/6.3.1/../../../../arm-atollic-eabi/lib/armv6-m\libc_nano.a
LOAD c:/program files (x86)/atollic/truestudio for stm32 9.3.0/armtools/bin/../lib/gcc/arm-atollic-eabi/6.3.1/../../../../arm-atollic-eabi/lib/armv6-m\libnosys.a
END GROUP
LOAD c:/program files (x86)/atollic/truestudio for stm32 9.3.0/armtools/bin/../lib/gcc/arm-atollic-eabi/6.3.1/armv6-m/crtend.o
LOAD c:/program files (x86)/atollic/truestudio for stm32 9.3.0/armtools/bin/../lib/gcc/arm-atollic-eabi/6.3.1/armv6-m/crtn.o
                0x20002000                _estack = 0x20002000
                0x00000200                _Min_Heap_Size = 0x200
                0x00000400                _Min_Stack_Size = 0x400

.isr_vector     0x08000000       0xc0
                0x08000000                . = ALIGN (0x4)
 *(.isr_vector)
 .isr_vector    0x08000000       0xc0 startup\startup_stm32f051x8.o
                0x08000000                g_pfnVectors
                0x080000c0                . = ALIGN (0x4)

.text           0x080000c0     0x47e0
                0x080000c0                . = ALIGN (0x4)
 *(.text)
 .text          0x080000c0       0x48 c:/program files (x86)/atollic/truestudio for stm32 9.3.0/armtools/bin/../lib/gcc/arm-atollic-eabi/6.3.1/armv6-m/crtbegin.o
 .text          0x08000108      0x114 c:/program files (x86)/atollic/truestudio for stm32 9.3.0/armtools/bin/../lib/gcc/arm-atollic-eabi/6.3.1/armv6-m\libgcc.a(_udivsi3.o)
                0x08000108                __aeabi_uidiv
                0x08000108                __udivsi3
                0x08000214                __aeabi_uidivmod
 .text          0x0800021c        0x4 c:/program files (x86)/atollic/truestudio for stm32 9.3.0/armtools/bin/../lib/gcc/arm-atollic-eabi/6.3.1/armv6-m\libgcc.a(_dvmd_tls.o)
                0x0800021c                __aeabi_idiv0
                0x0800021c                __aeabi_ldiv0
 .text          0x08000220       0x7c c:/program files (x86)/atollic/truestudio for stm32 9.3.0/armtools/bin/../lib/gcc/arm-atollic-eabi/6.3.1/armv6-m\libgcc.a(_arm_cmpdf2.o)
                0x08000220                __aeabi_cdrcmple
                0x08000230                __aeabi_cdcmple
                0x08000230                __aeabi_cdcmpeq
                0x08000240                __aeabi_dcmpeq
                0x0800024c                __aeabi_dcmplt
                0x08000260                __aeabi_dcmple
                0x08000274                __aeabi_dcmpgt
                0x08000288                __aeabi_dcmpge
 .text          0x0800029c       0x3c c:/program files (x86)/atollic/truestudio for stm32 9.3.0/armtools/bin/../lib/gcc/arm-atollic-eabi/6.3.1/armv6-m\libgcc.a(_clzsi2.o)
                0x0800029c                __clzsi2
 .text          0x080002d8       0x3c c:/program files (x86)/atollic/truestudio for stm32 9.3.0/armtools/bin/../lib/gcc/arm-atollic-eabi/6.3.1/armv6-m\libgcc.a(_fixunsdfsi.o)
                0x080002d8                __aeabi_d2uiz
                0x080002d8                __fixunsdfsi
 .text          0x08000314      0x668 c:/program files (x86)/atollic/truestudio for stm32 9.3.0/armtools/bin/../lib/gcc/arm-atollic-eabi/6.3.1/armv6-m\libgcc.a(divdf3.o)
                0x08000314                __aeabi_ddiv
 .text          0x0800097c       0x74 c:/program files (x86)/atollic/truestudio for stm32 9.3.0/armtools/bin/../lib/gcc/arm-atollic-eabi/6.3.1/armv6-m\libgcc.a(eqdf2.o)
                0x0800097c                __nedf2
                0x0800097c                __eqdf2
 .text          0x080009f0       0xc8 c:/program files (x86)/atollic/truestudio for stm32 9.3.0/armtools/bin/../lib/gcc/arm-atollic-eabi/6.3.1/armv6-m\libgcc.a(gedf2.o)
                0x080009f0                __gedf2
                0x080009f0                __gtdf2
 .text          0x08000ab8       0xc4 c:/program files (x86)/atollic/truestudio for stm32 9.3.0/armtools/bin/../lib/gcc/arm-atollic-eabi/6.3.1/armv6-m\libgcc.a(ledf2.o)
                0x08000ab8                __ledf2
                0x08000ab8                __ltdf2
 .text          0x08000b7c      0x500 c:/program files (x86)/atollic/truestudio for stm32 9.3.0/armtools/bin/../lib/gcc/arm-atollic-eabi/6.3.1/armv6-m\libgcc.a(muldf3.o)
                0x08000b7c                __aeabi_dmul
 .text          0x0800107c      0x62c c:/program files (x86)/atollic/truestudio for stm32 9.3.0/armtools/bin/../lib/gcc/arm-atollic-eabi/6.3.1/armv6-m\libgcc.a(subdf3.o)
                0x0800107c                __aeabi_dsub
 .text          0x080016a8       0x68 c:/program files (x86)/atollic/truestudio for stm32 9.3.0/armtools/bin/../lib/gcc/arm-atollic-eabi/6.3.1/armv6-m\libgcc.a(fixdfsi.o)
                0x080016a8                __aeabi_d2iz
 .text          0x08001710       0x70 c:/program files (x86)/atollic/truestudio for stm32 9.3.0/armtools/bin/../lib/gcc/arm-atollic-eabi/6.3.1/armv6-m\libgcc.a(floatunsidf.o)
                0x08001710                __aeabi_ui2d
 *(.text*)
 .text.HAL_Init
                0x08001780       0x20 Drivers\STM32F0xx_HAL_Driver\Src\stm32f0xx_hal.o
                0x08001780                HAL_Init
 .text.HAL_IncTick
                0x080017a0       0x10 Drivers\STM32F0xx_HAL_Driver\Src\stm32f0xx_hal.o
                0x080017a0                HAL_IncTick
 .text.HAL_GetTick
                0x080017b0        0xc Drivers\STM32F0xx_HAL_Driver\Src\stm32f0xx_hal.o
                0x080017b0                HAL_GetTick
 .text.ADC_Enable
                0x080017bc       0xb4 Drivers\STM32F0xx_HAL_Driver\Src\stm32f0xx_hal_adc.o
 .text.HAL_ADC_Init
                0x08001870      0x18c Drivers\STM32F0xx_HAL_Driver\Src\stm32f0xx_hal_adc.o
                0x08001870                HAL_ADC_Init
 .text.HAL_ADC_Start_DMA
                0x080019fc       0xa8 Drivers\STM32F0xx_HAL_Driver\Src\stm32f0xx_hal_adc.o
                0x080019fc                HAL_ADC_Start_DMA
 .text.HAL_ADC_ConvCpltCallback
                0x08001aa4        0x2 Drivers\STM32F0xx_HAL_Driver\Src\stm32f0xx_hal_adc.o
                0x08001aa4                HAL_ADC_ConvCpltCallback
 *fill*         0x08001aa6        0x2 
 .text.ADC_DMAConvCplt
                0x08001aa8       0x70 Drivers\STM32F0xx_HAL_Driver\Src\stm32f0xx_hal_adc.o
 .text.HAL_ADC_ConvHalfCpltCallback
                0x08001b18        0x2 Drivers\STM32F0xx_HAL_Driver\Src\stm32f0xx_hal_adc.o
                0x08001b18                HAL_ADC_ConvHalfCpltCallback
 .text.ADC_DMAHalfConvCplt
                0x08001b1a        0xa Drivers\STM32F0xx_HAL_Driver\Src\stm32f0xx_hal_adc.o
 .text.HAL_ADC_ErrorCallback
                0x08001b24        0x2 Drivers\STM32F0xx_HAL_Driver\Src\stm32f0xx_hal_adc.o
                0x08001b24                HAL_ADC_ErrorCallback
 .text.ADC_DMAError
                0x08001b26       0x1a Drivers\STM32F0xx_HAL_Driver\Src\stm32f0xx_hal_adc.o
 .text.HAL_ADC_ConfigChannel
                0x08001b40      0x14c Drivers\STM32F0xx_HAL_Driver\Src\stm32f0xx_hal_adc.o
                0x08001b40                HAL_ADC_ConfigChannel
 .text.HAL_NVIC_SetPriority
                0x08001c8c       0x64 Drivers\STM32F0xx_HAL_Driver\Src\stm32f0xx_hal_cortex.o
                0x08001c8c                HAL_NVIC_SetPriority
 .text.HAL_NVIC_EnableIRQ
                0x08001cf0       0x14 Drivers\STM32F0xx_HAL_Driver\Src\stm32f0xx_hal_cortex.o
                0x08001cf0                HAL_NVIC_EnableIRQ
 .text.DMA_SetConfig
                0x08001d04       0x2a Drivers\STM32F0xx_HAL_Driver\Src\stm32f0xx_hal_dma.o
 *fill*         0x08001d2e        0x2 
 .text.DMA_CalcBaseAndBitshift
                0x08001d30       0x28 Drivers\STM32F0xx_HAL_Driver\Src\stm32f0xx_hal_dma.o
 .text.HAL_DMA_Init
                0x08001d58       0x58 Drivers\STM32F0xx_HAL_Driver\Src\stm32f0xx_hal_dma.o
                0x08001d58                HAL_DMA_Init
 .text.HAL_DMA_Start_IT
                0x08001db0       0x76 Drivers\STM32F0xx_HAL_Driver\Src\stm32f0xx_hal_dma.o
                0x08001db0                HAL_DMA_Start_IT
 .text.HAL_DMA_IRQHandler
                0x08001e26       0xaa Drivers\STM32F0xx_HAL_Driver\Src\stm32f0xx_hal_dma.o
                0x08001e26                HAL_DMA_IRQHandler
 .text.HAL_GPIO_Init
                0x08001ed0      0x18c Drivers\STM32F0xx_HAL_Driver\Src\stm32f0xx_hal_gpio.o
                0x08001ed0                HAL_GPIO_Init
 .text.HAL_GPIO_WritePin
                0x0800205c        0xc Drivers\STM32F0xx_HAL_Driver\Src\stm32f0xx_hal_gpio.o
                0x0800205c                HAL_GPIO_WritePin
 .text.HAL_RCC_OscConfig
                0x08002068      0x44c Drivers\STM32F0xx_HAL_Driver\Src\stm32f0xx_hal_rcc.o
                0x08002068                HAL_RCC_OscConfig
 .text.HAL_RCC_GetSysClockFreq
                0x080024b4       0x6c Drivers\STM32F0xx_HAL_Driver\Src\stm32f0xx_hal_rcc.o
                0x080024b4                HAL_RCC_GetSysClockFreq
 .text.HAL_RCC_ClockConfig
                0x08002520      0x154 Drivers\STM32F0xx_HAL_Driver\Src\stm32f0xx_hal_rcc.o
                0x08002520                HAL_RCC_ClockConfig
 .text.HAL_RCC_GetHCLKFreq
                0x08002674        0xc Drivers\STM32F0xx_HAL_Driver\Src\stm32f0xx_hal_rcc.o
                0x08002674                HAL_RCC_GetHCLKFreq
 .text.HAL_RCC_GetPCLK1Freq
                0x08002680       0x20 Drivers\STM32F0xx_HAL_Driver\Src\stm32f0xx_hal_rcc.o
                0x08002680                HAL_RCC_GetPCLK1Freq
 .text.HAL_RCC_GetClockConfig
                0x080026a0       0x38 Drivers\STM32F0xx_HAL_Driver\Src\stm32f0xx_hal_rcc.o
                0x080026a0                HAL_RCC_GetClockConfig
 .text.TIM_OC1_SetConfig
                0x080026d8       0x8c Drivers\STM32F0xx_HAL_Driver\Src\stm32f0xx_hal_tim.o
 .text.TIM_OC3_SetConfig
                0x08002764       0x94 Drivers\STM32F0xx_HAL_Driver\Src\stm32f0xx_hal_tim.o
 .text.TIM_OC4_SetConfig
                0x080027f8       0x74 Drivers\STM32F0xx_HAL_Driver\Src\stm32f0xx_hal_tim.o
 .text.TIM_TI1_ConfigInputStage
                0x0800286c       0x22 Drivers\STM32F0xx_HAL_Driver\Src\stm32f0xx_hal_tim.o
 *fill*         0x0800288e        0x2 
 .text.TIM_TI2_ConfigInputStage
                0x08002890       0x28 Drivers\STM32F0xx_HAL_Driver\Src\stm32f0xx_hal_tim.o
 .text.TIM_ITRx_SetConfig
                0x080028b8       0x12 Drivers\STM32F0xx_HAL_Driver\Src\stm32f0xx_hal_tim.o
 .text.HAL_TIM_Base_Start_IT
                0x080028ca       0x16 Drivers\STM32F0xx_HAL_Driver\Src\stm32f0xx_hal_tim.o
                0x080028ca                HAL_TIM_Base_Start_IT
 .text.HAL_TIM_PWM_MspInit
                0x080028e0        0x2 Drivers\STM32F0xx_HAL_Driver\Src\stm32f0xx_hal_tim.o
                0x080028e0                HAL_TIM_PWM_MspInit
 .text.HAL_TIM_OC_DelayElapsedCallback
                0x080028e2        0x2 Drivers\STM32F0xx_HAL_Driver\Src\stm32f0xx_hal_tim.o
                0x080028e2                HAL_TIM_OC_DelayElapsedCallback
 .text.HAL_TIM_IC_CaptureCallback
                0x080028e4        0x2 Drivers\STM32F0xx_HAL_Driver\Src\stm32f0xx_hal_tim.o
                0x080028e4                HAL_TIM_IC_CaptureCallback
 .text.HAL_TIM_PWM_PulseFinishedCallback
                0x080028e6        0x2 Drivers\STM32F0xx_HAL_Driver\Src\stm32f0xx_hal_tim.o
                0x080028e6                HAL_TIM_PWM_PulseFinishedCallback
 .text.HAL_TIM_TriggerCallback
                0x080028e8        0x2 Drivers\STM32F0xx_HAL_Driver\Src\stm32f0xx_hal_tim.o
                0x080028e8                HAL_TIM_TriggerCallback
 .text.HAL_TIM_IRQHandler
                0x080028ea      0x15a Drivers\STM32F0xx_HAL_Driver\Src\stm32f0xx_hal_tim.o
                0x080028ea                HAL_TIM_IRQHandler
 .text.TIM_Base_SetConfig
                0x08002a44       0xa4 Drivers\STM32F0xx_HAL_Driver\Src\stm32f0xx_hal_tim.o
                0x08002a44                TIM_Base_SetConfig
 .text.HAL_TIM_Base_Init
                0x08002ae8       0x34 Drivers\STM32F0xx_HAL_Driver\Src\stm32f0xx_hal_tim.o
                0x08002ae8                HAL_TIM_Base_Init
 .text.HAL_TIM_PWM_Init
                0x08002b1c       0x34 Drivers\STM32F0xx_HAL_Driver\Src\stm32f0xx_hal_tim.o
                0x08002b1c                HAL_TIM_PWM_Init
 .text.TIM_OC2_SetConfig
                0x08002b50       0x88 Drivers\STM32F0xx_HAL_Driver\Src\stm32f0xx_hal_tim.o
                0x08002b50                TIM_OC2_SetConfig
 .text.HAL_TIM_PWM_ConfigChannel
                0x08002bd8       0xec Drivers\STM32F0xx_HAL_Driver\Src\stm32f0xx_hal_tim.o
                0x08002bd8                HAL_TIM_PWM_ConfigChannel
 .text.TIM_ETR_SetConfig
                0x08002cc4       0x18 Drivers\STM32F0xx_HAL_Driver\Src\stm32f0xx_hal_tim.o
                0x08002cc4                TIM_ETR_SetConfig
 .text.HAL_TIM_ConfigClockSource
                0x08002cdc      0x118 Drivers\STM32F0xx_HAL_Driver\Src\stm32f0xx_hal_tim.o
                0x08002cdc                HAL_TIM_ConfigClockSource
 .text.TIM_CCxChannelCmd
                0x08002df4       0x16 Drivers\STM32F0xx_HAL_Driver\Src\stm32f0xx_hal_tim.o
                0x08002df4                TIM_CCxChannelCmd
 *fill*         0x08002e0a        0x2 
 .text.HAL_TIM_PWM_Start
                0x08002e0c       0x64 Drivers\STM32F0xx_HAL_Driver\Src\stm32f0xx_hal_tim.o
                0x08002e0c                HAL_TIM_PWM_Start
 .text.HAL_TIMEx_MasterConfigSynchronization
                0x08002e70       0x4c Drivers\STM32F0xx_HAL_Driver\Src\stm32f0xx_hal_tim_ex.o
                0x08002e70                HAL_TIMEx_MasterConfigSynchronization
 .text.HAL_TIMEx_CommutationCallback
                0x08002ebc        0x2 Drivers\STM32F0xx_HAL_Driver\Src\stm32f0xx_hal_tim_ex.o
                0x08002ebc                HAL_TIMEx_CommutationCallback
 .text.HAL_TIMEx_BreakCallback
                0x08002ebe        0x2 Drivers\STM32F0xx_HAL_Driver\Src\stm32f0xx_hal_tim_ex.o
                0x08002ebe                HAL_TIMEx_BreakCallback
 .text.makeFreeRtosPriority
                0x08002ec0        0xc Middlewares\Third_Party\FreeRTOS\Source\CMSIS_RTOS\cmsis_os.o
 .text.osKernelStart
                0x08002ecc        0xa Middlewares\Third_Party\FreeRTOS\Source\CMSIS_RTOS\cmsis_os.o
                0x08002ecc                osKernelStart
 .text.osThreadCreate
                0x08002ed6       0x34 Middlewares\Third_Party\FreeRTOS\Source\CMSIS_RTOS\cmsis_os.o
                0x08002ed6                osThreadCreate
 .text.osDelay  0x08002f0a       0x10 Middlewares\Third_Party\FreeRTOS\Source\CMSIS_RTOS\cmsis_os.o
                0x08002f0a                osDelay
 .text.osMessageCreate
                0x08002f1a        0xe Middlewares\Third_Party\FreeRTOS\Source\CMSIS_RTOS\cmsis_os.o
                0x08002f1a                osMessageCreate
 .text.vListInitialise
                0x08002f28       0x16 Middlewares\Third_Party\FreeRTOS\Source\list.o
                0x08002f28                vListInitialise
 .text.vListInitialiseItem
                0x08002f3e        0x6 Middlewares\Third_Party\FreeRTOS\Source\list.o
                0x08002f3e                vListInitialiseItem
 .text.vListInsertEnd
                0x08002f44       0x18 Middlewares\Third_Party\FreeRTOS\Source\list.o
                0x08002f44                vListInsertEnd
 .text.vListInsert
                0x08002f5c       0x30 Middlewares\Third_Party\FreeRTOS\Source\list.o
                0x08002f5c                vListInsert
 .text.uxListRemove
                0x08002f8c       0x26 Middlewares\Third_Party\FreeRTOS\Source\list.o
                0x08002f8c                uxListRemove
 *fill*         0x08002fb2        0x2 
 .text.prvTaskExitError
                0x08002fb4       0x14 Middlewares\Third_Party\FreeRTOS\Source\portable\GCC\ARM_CM0\port.o
 *fill*         0x08002fc8        0x8 
 .text.vPortStartFirstTask
                0x08002fd0       0x34 Middlewares\Third_Party\FreeRTOS\Source\portable\GCC\ARM_CM0\port.o
 .text.pxPortInitialiseStack
                0x08003004       0x20 Middlewares\Third_Party\FreeRTOS\Source\portable\GCC\ARM_CM0\port.o
                0x08003004                pxPortInitialiseStack
 .text.SVC_Handler
                0x08003024        0x2 Middlewares\Third_Party\FreeRTOS\Source\portable\GCC\ARM_CM0\port.o
                0x08003024                SVC_Handler
 *fill*         0x08003026        0x2 
 .text.vPortYield
                0x08003028       0x18 Middlewares\Third_Party\FreeRTOS\Source\portable\GCC\ARM_CM0\port.o
                0x08003028                vPortYield
 .text.vPortEnterCritical
                0x08003040       0x18 Middlewares\Third_Party\FreeRTOS\Source\portable\GCC\ARM_CM0\port.o
                0x08003040                vPortEnterCritical
 .text.vPortExitCritical
                0x08003058       0x20 Middlewares\Third_Party\FreeRTOS\Source\portable\GCC\ARM_CM0\port.o
                0x08003058                vPortExitCritical
 .text.ulSetInterruptMaskFromISR
                0x08003078        0xa Middlewares\Third_Party\FreeRTOS\Source\portable\GCC\ARM_CM0\port.o
                0x08003078                ulSetInterruptMaskFromISR
 .text.vClearInterruptMaskFromISR
                0x08003082        0x6 Middlewares\Third_Party\FreeRTOS\Source\portable\GCC\ARM_CM0\port.o
                0x08003082                vClearInterruptMaskFromISR
 *fill*         0x08003088        0x8 
 .text.PendSV_Handler
                0x08003090       0x44 Middlewares\Third_Party\FreeRTOS\Source\portable\GCC\ARM_CM0\port.o
                0x08003090                PendSV_Handler
 .text.SysTick_Handler
                0x080030d4       0x24 Middlewares\Third_Party\FreeRTOS\Source\portable\GCC\ARM_CM0\port.o
                0x080030d4                SysTick_Handler
 .text.vPortSetupTimerInterrupt
                0x080030f8       0x2c Middlewares\Third_Party\FreeRTOS\Source\portable\GCC\ARM_CM0\port.o
                0x080030f8                vPortSetupTimerInterrupt
 .text.xPortStartScheduler
                0x08003124       0x34 Middlewares\Third_Party\FreeRTOS\Source\portable\GCC\ARM_CM0\port.o
                0x08003124                xPortStartScheduler
 .text.prvHeapInit
                0x08003158       0x64 Middlewares\Third_Party\FreeRTOS\Source\portable\MemMang\heap_4.o
 .text.prvInsertBlockIntoFreeList
                0x080031bc       0x54 Middlewares\Third_Party\FreeRTOS\Source\portable\MemMang\heap_4.o
 .text.pvPortMalloc
                0x08003210       0xd8 Middlewares\Third_Party\FreeRTOS\Source\portable\MemMang\heap_4.o
                0x08003210                pvPortMalloc
 .text.vPortFree
                0x080032e8       0x54 Middlewares\Third_Party\FreeRTOS\Source\portable\MemMang\heap_4.o
                0x080032e8                vPortFree
 .text.xQueueGenericReset
                0x0800333c       0x6e Middlewares\Third_Party\FreeRTOS\Source\queue.o
                0x0800333c                xQueueGenericReset
 .text.prvInitialiseNewQueue
                0x080033aa       0x1c Middlewares\Third_Party\FreeRTOS\Source\queue.o
 .text.xQueueGenericCreate
                0x080033c6       0x3e Middlewares\Third_Party\FreeRTOS\Source\queue.o
                0x080033c6                xQueueGenericCreate
 .text.prvResetNextTaskUnblockTime
                0x08003404       0x38 Middlewares\Third_Party\FreeRTOS\Source\tasks.o
 .text.prvDeleteTCB
                0x0800343c       0x12 Middlewares\Third_Party\FreeRTOS\Source\tasks.o
 *fill*         0x0800344e        0x2 
 .text.prvInitialiseNewTask
                0x08003450       0x88 Middlewares\Third_Party\FreeRTOS\Source\tasks.o
 .text.prvInitialiseTaskLists
                0x080034d8       0x68 Middlewares\Third_Party\FreeRTOS\Source\tasks.o
 .text.prvAddNewTaskToReadyList
                0x08003540       0xa0 Middlewares\Third_Party\FreeRTOS\Source\tasks.o
 .text.prvAddCurrentTaskToDelayedList
                0x080035e0       0x7c Middlewares\Third_Party\FreeRTOS\Source\tasks.o
 .text.xTaskCreate
                0x0800365c       0x5e Middlewares\Third_Party\FreeRTOS\Source\tasks.o
                0x0800365c                xTaskCreate
 *fill*         0x080036ba        0x2 
 .text.vTaskStartScheduler
                0x080036bc       0x5c Middlewares\Third_Party\FreeRTOS\Source\tasks.o
                0x080036bc                vTaskStartScheduler
 .text.vTaskSuspendAll
                0x08003718       0x10 Middlewares\Third_Party\FreeRTOS\Source\tasks.o
                0x08003718                vTaskSuspendAll
 .text.xTaskIncrementTick
                0x08003728      0x11c Middlewares\Third_Party\FreeRTOS\Source\tasks.o
                0x08003728                xTaskIncrementTick
 .text.xTaskResumeAll
                0x08003844       0xec Middlewares\Third_Party\FreeRTOS\Source\tasks.o
                0x08003844                xTaskResumeAll
 .text.vTaskDelay
                0x08003930       0x34 Middlewares\Third_Party\FreeRTOS\Source\tasks.o
                0x08003930                vTaskDelay
 .text.prvCheckTasksWaitingTermination
                0x08003964       0x54 Middlewares\Third_Party\FreeRTOS\Source\tasks.o
 .text.prvIdleTask
                0x080039b8       0x18 Middlewares\Third_Party\FreeRTOS\Source\tasks.o
 .text.vTaskSwitchContext
                0x080039d0       0x8c Middlewares\Third_Party\FreeRTOS\Source\tasks.o
                0x080039d0                vTaskSwitchContext
 .text.xTaskRemoveFromEventList
                0x08003a5c       0x84 Middlewares\Third_Party\FreeRTOS\Source\tasks.o
                0x08003a5c                xTaskRemoveFromEventList
 .text.MX_ADC_Init
                0x08003ae0       0xcc Src\adc.o
                0x08003ae0                MX_ADC_Init
 .text.HAL_ADC_MspInit
                0x08003bac       0x98 Src\adc.o
                0x08003bac                HAL_ADC_MspInit
 .text.adc_Start
                0x08003c44       0x18 Src\adc.o
                0x08003c44                adc_Start
 .text.read_pilot_voltage
                0x08003c5c       0x2c Src\adc.o
                0x08003c5c                read_pilot_voltage
 .text.MX_DMA_Init
                0x08003c88       0x30 Src\dma.o
                0x08003c88                MX_DMA_Init
 .text.cmpfunc  0x08003cb8        0x8 Src\freertos.o
                0x08003cb8                cmpfunc
 .text.StartDefaultTask
                0x08003cc0        0xa Src\freertos.o
                0x08003cc0                StartDefaultTask
 *fill*         0x08003cca        0x2 
 .text.StartTaskPilot
                0x08003ccc       0xd4 Src\freertos.o
                0x08003ccc                StartTaskPilot
 .text.StartTaskMainTask
                0x08003da0      0x190 Src\freertos.o
                0x08003da0                StartTaskMainTask
 .text.MX_FREERTOS_Init
                0x08003f30       0x7c Src\freertos.o
                0x08003f30                MX_FREERTOS_Init
 .text.MX_GPIO_Init
                0x08003fac       0xb0 Src\gpio.o
                0x08003fac                MX_GPIO_Init
 .text.set_contactor
                0x0800405c       0x28 Src\gpio.o
                0x0800405c                set_contactor
 .text.set_indicator
                0x08004084       0x6c Src\gpio.o
                0x08004084                set_indicator
 .text.SystemClock_Config
                0x080040f0       0x50 Src\main.o
                0x080040f0                SystemClock_Config
 .text.main     0x08004140       0x28 Src\main.o
                0x08004140                main
 .text.HAL_TIM_PeriodElapsedCallback
                0x08004168       0x18 Src\main.o
                0x08004168                HAL_TIM_PeriodElapsedCallback
 .text.Error_Handler
                0x08004180        0x2 Src\main.o
                0x08004180                Error_Handler
 *fill*         0x08004182        0x2 
 .text.HAL_MspInit
                0x08004184       0x3c Src\stm32f0xx_hal_msp.o
                0x08004184                HAL_MspInit
 .text.HAL_InitTick
                0x080041c0       0x78 Src\stm32f0xx_hal_timebase_tim.o
                0x080041c0                HAL_InitTick
 .text.NMI_Handler
                0x08004238        0x2 Src\stm32f0xx_it.o
                0x08004238                NMI_Handler
 .text.HardFault_Handler
                0x0800423a        0x2 Src\stm32f0xx_it.o
                0x0800423a                HardFault_Handler
 .text.DMA1_Channel1_IRQHandler
                0x0800423c       0x10 Src\stm32f0xx_it.o
                0x0800423c                DMA1_Channel1_IRQHandler
 .text.TIM1_BRK_UP_TRG_COM_IRQHandler
                0x0800424c       0x10 Src\stm32f0xx_it.o
                0x0800424c                TIM1_BRK_UP_TRG_COM_IRQHandler
 .text.SystemInit
                0x0800425c       0x60 Src\system_stm32f0xx.o
                0x0800425c                SystemInit
 .text.MX_TIM3_Init
                0x080042bc       0x7c Src\tim.o
                0x080042bc                MX_TIM3_Init
 .text.HAL_TIM_Base_MspInit
                0x08004338       0x48 Src\tim.o
                0x08004338                HAL_TIM_Base_MspInit
 .text.HAL_TIM_MspPostInit
                0x08004380       0x50 Src\tim.o
                0x08004380                HAL_TIM_MspPostInit
 .text.MX_TIM2_Init
                0x080043d0       0xb8 Src\tim.o
                0x080043d0                MX_TIM2_Init
 .text.set_pwm  0x08004488       0x60 Src\tim.o
                0x08004488                set_pwm
 .text.Reset_Handler
                0x080044e8       0x50 startup\startup_stm32f051x8.o
                0x080044e8                Reset_Handler
 .text.Default_Handler
                0x08004538        0x2 startup\startup_stm32f051x8.o
                0x08004538                TIM1_CC_IRQHandler
                0x08004538                TSC_IRQHandler
                0x08004538                ADC1_COMP_IRQHandler
                0x08004538                PVD_IRQHandler
                0x08004538                I2C1_IRQHandler
                0x08004538                RCC_CRS_IRQHandler
                0x08004538                SPI1_IRQHandler
                0x08004538                TIM6_DAC_IRQHandler
                0x08004538                EXTI2_3_IRQHandler
                0x08004538                I2C2_IRQHandler
                0x08004538                TIM17_IRQHandler
                0x08004538                CEC_CAN_IRQHandler
                0x08004538                RTC_IRQHandler
                0x08004538                TIM16_IRQHandler
                0x08004538                TIM3_IRQHandler
                0x08004538                EXTI4_15_IRQHandler
                0x08004538                Default_Handler
                0x08004538                TIM14_IRQHandler
                0x08004538                DMA1_Channel4_5_IRQHandler
                0x08004538                TIM15_IRQHandler
                0x08004538                EXTI0_1_IRQHandler
                0x08004538                SPI2_IRQHandler
                0x08004538                WWDG_IRQHandler
                0x08004538                TIM2_IRQHandler
                0x08004538                DMA1_Channel2_3_IRQHandler
                0x08004538                USART2_IRQHandler
                0x08004538                FLASH_IRQHandler
                0x08004538                USART1_IRQHandler
 *fill*         0x0800453a        0x2 
 .text.__libc_init_array
                0x0800453c       0x48 c:/program files (x86)/atollic/truestudio for stm32 9.3.0/armtools/bin/../lib/gcc/arm-atollic-eabi/6.3.1/../../../../arm-atollic-eabi/lib/armv6-m\libc_nano.a(lib_a-init.o)
                0x0800453c                __libc_init_array
 .text.memset   0x08004584       0x10 c:/program files (x86)/atollic/truestudio for stm32 9.3.0/armtools/bin/../lib/gcc/arm-atollic-eabi/6.3.1/../../../../arm-atollic-eabi/lib/armv6-m\libc_nano.a(lib_a-memset.o)
                0x08004584                memset
 .text.swapfunc
                0x08004594       0x2c c:/program files (x86)/atollic/truestudio for stm32 9.3.0/armtools/bin/../lib/gcc/arm-atollic-eabi/6.3.1/../../../../arm-atollic-eabi/lib/armv6-m\libc_nano.a(lib_a-qsort.o)
 .text.med3.isra.1
                0x080045c0       0x40 c:/program files (x86)/atollic/truestudio for stm32 9.3.0/armtools/bin/../lib/gcc/arm-atollic-eabi/6.3.1/../../../../arm-atollic-eabi/lib/armv6-m\libc_nano.a(lib_a-qsort.o)
 .text.qsort    0x08004600      0x286 c:/program files (x86)/atollic/truestudio for stm32 9.3.0/armtools/bin/../lib/gcc/arm-atollic-eabi/6.3.1/../../../../arm-atollic-eabi/lib/armv6-m\libc_nano.a(lib_a-qsort.o)
                0x08004600                qsort
 *(.glue_7)
 .glue_7        0x08004886        0x0 linker stubs
 *(.glue_7t)
 .glue_7t       0x08004886        0x0 linker stubs
 *(.eh_frame)
 *fill*         0x08004886        0x2 
 .eh_frame      0x08004888        0x0 c:/program files (x86)/atollic/truestudio for stm32 9.3.0/armtools/bin/../lib/gcc/arm-atollic-eabi/6.3.1/armv6-m/crtbegin.o
 *(.init)
 .init          0x08004888        0x4 c:/program files (x86)/atollic/truestudio for stm32 9.3.0/armtools/bin/../lib/gcc/arm-atollic-eabi/6.3.1/armv6-m/crti.o
                0x08004888                _init
 .init          0x0800488c        0x8 c:/program files (x86)/atollic/truestudio for stm32 9.3.0/armtools/bin/../lib/gcc/arm-atollic-eabi/6.3.1/armv6-m/crtn.o
 *(.fini)
 .fini          0x08004894        0x4 c:/program files (x86)/atollic/truestudio for stm32 9.3.0/armtools/bin/../lib/gcc/arm-atollic-eabi/6.3.1/armv6-m/crti.o
                0x08004894                _fini
 .fini          0x08004898        0x8 c:/program files (x86)/atollic/truestudio for stm32 9.3.0/armtools/bin/../lib/gcc/arm-atollic-eabi/6.3.1/armv6-m/crtn.o
                0x080048a0                . = ALIGN (0x4)
                0x080048a0                _etext = .

.vfp11_veneer   0x080048a0        0x0
 .vfp11_veneer  0x080048a0        0x0 linker stubs

.v4_bx          0x080048a0        0x0
 .v4_bx         0x080048a0        0x0 linker stubs

.iplt           0x080048a0        0x0
 .iplt          0x080048a0        0x0 c:/program files (x86)/atollic/truestudio for stm32 9.3.0/armtools/bin/../lib/gcc/arm-atollic-eabi/6.3.1/armv6-m/crtbegin.o

.rodata         0x080048a0      0x140
                0x080048a0                . = ALIGN (0x4)
 *(.rodata)
 .rodata        0x080048a0       0x20 Drivers\STM32F0xx_HAL_Driver\Src\stm32f0xx_hal_rcc.o
 .rodata        0x080048c0       0x44 Src\freertos.o
 .rodata        0x08004904       0x40 c:/program files (x86)/atollic/truestudio for stm32 9.3.0/armtools/bin/../lib/gcc/arm-atollic-eabi/6.3.1/armv6-m\libgcc.a(divdf3.o)
 .rodata        0x08004944       0x40 c:/program files (x86)/atollic/truestudio for stm32 9.3.0/armtools/bin/../lib/gcc/arm-atollic-eabi/6.3.1/armv6-m\libgcc.a(muldf3.o)
 *(.rodata*)
 .rodata.vTaskStartScheduler.str1.4
                0x08004984        0x5 Middlewares\Third_Party\FreeRTOS\Source\tasks.o
 *fill*         0x08004989        0x3 
 .rodata.str1.4
                0x0800498c       0x20 Src\freertos.o
 .rodata.set_indicator
                0x080049ac       0x1c Src\gpio.o
 .rodata.AHBPrescTable
                0x080049c8       0x10 Src\system_stm32f0xx.o
                0x080049c8                AHBPrescTable
 .rodata.APBPrescTable
                0x080049d8        0x8 Src\system_stm32f0xx.o
                0x080049d8                APBPrescTable
                0x080049e0                . = ALIGN (0x4)

.rel.dyn        0x080049e0        0x0
 .rel.iplt      0x080049e0        0x0 c:/program files (x86)/atollic/truestudio for stm32 9.3.0/armtools/bin/../lib/gcc/arm-atollic-eabi/6.3.1/armv6-m/crtbegin.o

.ARM.extab
 *(.ARM.extab* .gnu.linkonce.armextab.*)

.ARM            0x080049e0        0x0
                0x080049e0                __exidx_start = .
 *(.ARM.exidx*)
                0x080049e0                __exidx_end = .

.preinit_array  0x080049e0        0x0
                0x080049e0                PROVIDE (__preinit_array_start, .)
 *(.preinit_array*)
                0x080049e0                PROVIDE (__preinit_array_end, .)

.init_array     0x080049e0        0x4
                0x080049e0                PROVIDE (__init_array_start, .)
 *(SORT(.init_array.*))
 *(.init_array*)
 .init_array    0x080049e0        0x4 c:/program files (x86)/atollic/truestudio for stm32 9.3.0/armtools/bin/../lib/gcc/arm-atollic-eabi/6.3.1/armv6-m/crtbegin.o
                0x080049e4                PROVIDE (__init_array_end, .)

.fini_array     0x080049e4        0x4
                [!provide]                PROVIDE (__fini_array_start, .)
 *(SORT(.fini_array.*))
 *(.fini_array*)
 .fini_array    0x080049e4        0x4 c:/program files (x86)/atollic/truestudio for stm32 9.3.0/armtools/bin/../lib/gcc/arm-atollic-eabi/6.3.1/armv6-m/crtbegin.o
                [!provide]                PROVIDE (__fini_array_end, .)
                0x080049e8                _sidata = LOADADDR (.data)

.data           0x20000000        0x8 load address 0x080049e8
                0x20000000                . = ALIGN (0x4)
                0x20000000                _sdata = .
 *(.data)
 *(.data*)
 .data.uxCriticalNesting
                0x20000000        0x4 Middlewares\Third_Party\FreeRTOS\Source\portable\GCC\ARM_CM0\port.o
 .data.SystemCoreClock
                0x20000004        0x4 Src\system_stm32f0xx.o
                0x20000004                SystemCoreClock
                0x20000008                . = ALIGN (0x4)
                0x20000008                _edata = .

.igot.plt       0x20000008        0x0 load address 0x080049f0
 .igot.plt      0x20000008        0x0 c:/program files (x86)/atollic/truestudio for stm32 9.3.0/armtools/bin/../lib/gcc/arm-atollic-eabi/6.3.1/armv6-m/crtbegin.o
                0x20000008                . = ALIGN (0x4)

.bss            0x20000008      0xedc load address 0x080049f0
                0x20000008                _sbss = .
                0x20000008                __bss_start__ = _sbss
 *(.bss)
 .bss           0x20000008       0x1c c:/program files (x86)/atollic/truestudio for stm32 9.3.0/armtools/bin/../lib/gcc/arm-atollic-eabi/6.3.1/armv6-m/crtbegin.o
 *(.bss*)
 .bss.pxEnd     0x20000024        0x4 Middlewares\Third_Party\FreeRTOS\Source\portable\MemMang\heap_4.o
 .bss.ucHeap    0x20000028      0xc00 Middlewares\Third_Party\FreeRTOS\Source\portable\MemMang\heap_4.o
 .bss.xBlockAllocatedBit
                0x20000c28        0x4 Middlewares\Third_Party\FreeRTOS\Source\portable\MemMang\heap_4.o
 .bss.xFreeBytesRemaining
                0x20000c2c        0x4 Middlewares\Third_Party\FreeRTOS\Source\portable\MemMang\heap_4.o
 .bss.xMinimumEverFreeBytesRemaining
                0x20000c30        0x4 Middlewares\Third_Party\FreeRTOS\Source\portable\MemMang\heap_4.o
 .bss.xStart    0x20000c34        0x8 Middlewares\Third_Party\FreeRTOS\Source\portable\MemMang\heap_4.o
 .bss.pxCurrentTCB
                0x20000c3c        0x4 Middlewares\Third_Party\FreeRTOS\Source\tasks.o
                0x20000c3c                pxCurrentTCB
 .bss.pxDelayedTaskList
                0x20000c40        0x4 Middlewares\Third_Party\FreeRTOS\Source\tasks.o
 .bss.pxOverflowDelayedTaskList
                0x20000c44        0x4 Middlewares\Third_Party\FreeRTOS\Source\tasks.o
 .bss.pxReadyTasksLists
                0x20000c48       0x8c Middlewares\Third_Party\FreeRTOS\Source\tasks.o
 .bss.uxCurrentNumberOfTasks
                0x20000cd4        0x4 Middlewares\Third_Party\FreeRTOS\Source\tasks.o
 .bss.uxDeletedTasksWaitingCleanUp
                0x20000cd8        0x4 Middlewares\Third_Party\FreeRTOS\Source\tasks.o
 .bss.uxPendedTicks
                0x20000cdc        0x4 Middlewares\Third_Party\FreeRTOS\Source\tasks.o
 .bss.uxSchedulerSuspended
                0x20000ce0        0x4 Middlewares\Third_Party\FreeRTOS\Source\tasks.o
 .bss.uxTaskNumber
                0x20000ce4        0x4 Middlewares\Third_Party\FreeRTOS\Source\tasks.o
 .bss.uxTopReadyPriority
                0x20000ce8        0x4 Middlewares\Third_Party\FreeRTOS\Source\tasks.o
 .bss.xDelayedTaskList1
                0x20000cec       0x14 Middlewares\Third_Party\FreeRTOS\Source\tasks.o
 .bss.xDelayedTaskList2
                0x20000d00       0x14 Middlewares\Third_Party\FreeRTOS\Source\tasks.o
 .bss.xIdleTaskHandle
                0x20000d14        0x4 Middlewares\Third_Party\FreeRTOS\Source\tasks.o
 .bss.xNextTaskUnblockTime
                0x20000d18        0x4 Middlewares\Third_Party\FreeRTOS\Source\tasks.o
 .bss.xNumOfOverflows
                0x20000d1c        0x4 Middlewares\Third_Party\FreeRTOS\Source\tasks.o
 .bss.xPendingReadyList
                0x20000d20       0x14 Middlewares\Third_Party\FreeRTOS\Source\tasks.o
 .bss.xSchedulerRunning
                0x20000d34        0x4 Middlewares\Third_Party\FreeRTOS\Source\tasks.o
 .bss.xSuspendedTaskList
                0x20000d38       0x14 Middlewares\Third_Party\FreeRTOS\Source\tasks.o
 .bss.xTasksWaitingTermination
                0x20000d4c       0x14 Middlewares\Third_Party\FreeRTOS\Source\tasks.o
 .bss.xTickCount
                0x20000d60        0x4 Middlewares\Third_Party\FreeRTOS\Source\tasks.o
 .bss.xYieldPending
                0x20000d64        0x4 Middlewares\Third_Party\FreeRTOS\Source\tasks.o
 .bss.PilotState
                0x20000d68        0x1 Src\freertos.o
 *fill*         0x20000d69        0x1 
 .bss.freectr.8044
                0x20000d6a        0x2 Src\freertos.o
 *(COMMON)
 COMMON         0x20000d6c        0x4 Drivers\STM32F0xx_HAL_Driver\Src\stm32f0xx_hal.o
                0x20000d6c                uwTick
 COMMON         0x20000d70       0xa4 Src\adc.o
                0x20000d70                Buffer
                0x20000d84                hdma_adc
                0x20000dc8                hadc
 COMMON         0x20000e14       0x10 Src\freertos.o
                0x20000e14                defaultTaskHandle
                0x20000e18                PilotHandle
                0x20000e1c                MainTaskHandle
                0x20000e20                ChargingStatusHandle
 COMMON         0x20000e24       0x40 Src\stm32f0xx_hal_timebase_tim.o
                0x20000e24                htim1
 COMMON         0x20000e64       0x80 Src\tim.o
                0x20000e64                htim3
                0x20000ea4                htim2
                0x20000ee4                . = ALIGN (0x4)
                0x20000ee4                _ebss = .
                0x20000ee4                __bss_end__ = _ebss

._user_heap_stack
                0x20000ee4      0x600 load address 0x080049f0
                0x20000ee4                . = ALIGN (0x4)
                0x20000ee4                PROVIDE (end, .)
                [!provide]                PROVIDE (_end, .)
                0x200010e4                . = (. + _Min_Heap_Size)
 *fill*         0x20000ee4      0x200 
                0x200014e4                . = (. + _Min_Stack_Size)
 *fill*         0x200010e4      0x400 
                0x200014e4                . = ALIGN (0x4)

/DISCARD/
 libc.a(*)
 libm.a(*)
 libgcc.a(*)

.ARM.attributes
                0x00000000       0x28
 *(.ARM.attributes)
 .ARM.attributes
                0x00000000       0x1e c:/program files (x86)/atollic/truestudio for stm32 9.3.0/armtools/bin/../lib/gcc/arm-atollic-eabi/6.3.1/armv6-m/crti.o
 .ARM.attributes
                0x0000001e       0x2c c:/program files (x86)/atollic/truestudio for stm32 9.3.0/armtools/bin/../lib/gcc/arm-atollic-eabi/6.3.1/armv6-m/crtbegin.o
 .ARM.attributes
                0x0000004a       0x31 Drivers\STM32F0xx_HAL_Driver\Src\stm32f0xx_hal.o
 .ARM.attributes
                0x0000007b       0x31 Drivers\STM32F0xx_HAL_Driver\Src\stm32f0xx_hal_adc.o
 .ARM.attributes
                0x000000ac       0x31 Drivers\STM32F0xx_HAL_Driver\Src\stm32f0xx_hal_cortex.o
 .ARM.attributes
                0x000000dd       0x31 Drivers\STM32F0xx_HAL_Driver\Src\stm32f0xx_hal_dma.o
 .ARM.attributes
                0x0000010e       0x31 Drivers\STM32F0xx_HAL_Driver\Src\stm32f0xx_hal_gpio.o
 .ARM.attributes
                0x0000013f       0x31 Drivers\STM32F0xx_HAL_Driver\Src\stm32f0xx_hal_rcc.o
 .ARM.attributes
                0x00000170       0x31 Drivers\STM32F0xx_HAL_Driver\Src\stm32f0xx_hal_tim.o
 .ARM.attributes
                0x000001a1       0x31 Drivers\STM32F0xx_HAL_Driver\Src\stm32f0xx_hal_tim_ex.o
 .ARM.attributes
                0x000001d2       0x31 Middlewares\Third_Party\FreeRTOS\Source\CMSIS_RTOS\cmsis_os.o
 .ARM.attributes
                0x00000203       0x31 Middlewares\Third_Party\FreeRTOS\Source\list.o
 .ARM.attributes
                0x00000234       0x31 Middlewares\Third_Party\FreeRTOS\Source\portable\GCC\ARM_CM0\port.o
 .ARM.attributes
                0x00000265       0x31 Middlewares\Third_Party\FreeRTOS\Source\portable\MemMang\heap_4.o
 .ARM.attributes
                0x00000296       0x31 Middlewares\Third_Party\FreeRTOS\Source\queue.o
 .ARM.attributes
                0x000002c7       0x31 Middlewares\Third_Party\FreeRTOS\Source\tasks.o
 .ARM.attributes
                0x000002f8       0x31 Src\adc.o
 .ARM.attributes
                0x00000329       0x31 Src\dma.o
 .ARM.attributes
                0x0000035a       0x31 Src\freertos.o
 .ARM.attributes
                0x0000038b       0x31 Src\gpio.o
 .ARM.attributes
                0x000003bc       0x31 Src\main.o
 .ARM.attributes
                0x000003ed       0x31 Src\stm32f0xx_hal_msp.o
 .ARM.attributes
                0x0000041e       0x31 Src\stm32f0xx_hal_timebase_tim.o
 .ARM.attributes
                0x0000044f       0x31 Src\stm32f0xx_it.o
 .ARM.attributes
                0x00000480       0x31 Src\system_stm32f0xx.o
 .ARM.attributes
                0x000004b1       0x31 Src\tim.o
 .ARM.attributes
                0x000004e2       0x21 startup\startup_stm32f051x8.o
 .ARM.attributes
                0x00000503       0x2c c:/program files (x86)/atollic/truestudio for stm32 9.3.0/armtools/bin/../lib/gcc/arm-atollic-eabi/6.3.1/../../../../arm-atollic-eabi/lib/armv6-m\libc_nano.a(lib_a-init.o)
 .ARM.attributes
                0x0000052f       0x2c c:/program files (x86)/atollic/truestudio for stm32 9.3.0/armtools/bin/../lib/gcc/arm-atollic-eabi/6.3.1/../../../../arm-atollic-eabi/lib/armv6-m\libc_nano.a(lib_a-memset.o)
 .ARM.attributes
                0x0000055b       0x2c c:/program files (x86)/atollic/truestudio for stm32 9.3.0/armtools/bin/../lib/gcc/arm-atollic-eabi/6.3.1/../../../../arm-atollic-eabi/lib/armv6-m\libc_nano.a(lib_a-qsort.o)
 .ARM.attributes
                0x00000587       0x1e c:/program files (x86)/atollic/truestudio for stm32 9.3.0/armtools/bin/../lib/gcc/arm-atollic-eabi/6.3.1/armv6-m\libgcc.a(_udivsi3.o)
 .ARM.attributes
                0x000005a5       0x1e c:/program files (x86)/atollic/truestudio for stm32 9.3.0/armtools/bin/../lib/gcc/arm-atollic-eabi/6.3.1/armv6-m\libgcc.a(_dvmd_tls.o)
 .ARM.attributes
                0x000005c3       0x1e c:/program files (x86)/atollic/truestudio for stm32 9.3.0/armtools/bin/../lib/gcc/arm-atollic-eabi/6.3.1/armv6-m\libgcc.a(_arm_cmpdf2.o)
 .ARM.attributes
                0x000005e1       0x1e c:/program files (x86)/atollic/truestudio for stm32 9.3.0/armtools/bin/../lib/gcc/arm-atollic-eabi/6.3.1/armv6-m\libgcc.a(_clzsi2.o)
 .ARM.attributes
                0x000005ff       0x2c c:/program files (x86)/atollic/truestudio for stm32 9.3.0/armtools/bin/../lib/gcc/arm-atollic-eabi/6.3.1/armv6-m\libgcc.a(_fixunsdfsi.o)
 .ARM.attributes
                0x0000062b       0x2c c:/program files (x86)/atollic/truestudio for stm32 9.3.0/armtools/bin/../lib/gcc/arm-atollic-eabi/6.3.1/armv6-m\libgcc.a(divdf3.o)
 .ARM.attributes
                0x00000657       0x2c c:/program files (x86)/atollic/truestudio for stm32 9.3.0/armtools/bin/../lib/gcc/arm-atollic-eabi/6.3.1/armv6-m\libgcc.a(eqdf2.o)
 .ARM.attributes
                0x00000683       0x2c c:/program files (x86)/atollic/truestudio for stm32 9.3.0/armtools/bin/../lib/gcc/arm-atollic-eabi/6.3.1/armv6-m\libgcc.a(gedf2.o)
 .ARM.attributes
                0x000006af       0x2c c:/program files (x86)/atollic/truestudio for stm32 9.3.0/armtools/bin/../lib/gcc/arm-atollic-eabi/6.3.1/armv6-m\libgcc.a(ledf2.o)
 .ARM.attributes
                0x000006db       0x2c c:/program files (x86)/atollic/truestudio for stm32 9.3.0/armtools/bin/../lib/gcc/arm-atollic-eabi/6.3.1/armv6-m\libgcc.a(muldf3.o)
 .ARM.attributes
                0x00000707       0x2c c:/program files (x86)/atollic/truestudio for stm32 9.3.0/armtools/bin/../lib/gcc/arm-atollic-eabi/6.3.1/armv6-m\libgcc.a(subdf3.o)
 .ARM.attributes
                0x00000733       0x2c c:/program files (x86)/atollic/truestudio for stm32 9.3.0/armtools/bin/../lib/gcc/arm-atollic-eabi/6.3.1/armv6-m\libgcc.a(fixdfsi.o)
 .ARM.attributes
                0x0000075f       0x2c c:/program files (x86)/atollic/truestudio for stm32 9.3.0/armtools/bin/../lib/gcc/arm-atollic-eabi/6.3.1/armv6-m\libgcc.a(floatunsidf.o)
 .ARM.attributes
                0x0000078b       0x1e c:/program files (x86)/atollic/truestudio for stm32 9.3.0/armtools/bin/../lib/gcc/arm-atollic-eabi/6.3.1/armv6-m/crtn.o
OUTPUT(evse_technolaf.elf elf32-littlearm)

.debug_info     0x00000000    0x1d159
 .debug_info    0x00000000      0xe70 Drivers\STM32F0xx_HAL_Driver\Src\stm32f0xx_hal.o
 .debug_info    0x00000e70     0x1669 Drivers\STM32F0xx_HAL_Driver\Src\stm32f0xx_hal_adc.o
 .debug_info    0x000024d9      0xfdb Drivers\STM32F0xx_HAL_Driver\Src\stm32f0xx_hal_cortex.o
 .debug_info    0x000034b4     0x1018 Drivers\STM32F0xx_HAL_Driver\Src\stm32f0xx_hal_dma.o
 .debug_info    0x000044cc      0xe5b Drivers\STM32F0xx_HAL_Driver\Src\stm32f0xx_hal_gpio.o
 .debug_info    0x00005327     0x113d Drivers\STM32F0xx_HAL_Driver\Src\stm32f0xx_hal_rcc.o
 .debug_info    0x00006464     0x36d1 Drivers\STM32F0xx_HAL_Driver\Src\stm32f0xx_hal_tim.o
 .debug_info    0x00009b35     0x1b45 Drivers\STM32F0xx_HAL_Driver\Src\stm32f0xx_hal_tim_ex.o
 .debug_info    0x0000b67a     0x22ee Middlewares\Third_Party\FreeRTOS\Source\CMSIS_RTOS\cmsis_os.o
 .debug_info    0x0000d968      0xac0 Middlewares\Third_Party\FreeRTOS\Source\list.o
 .debug_info    0x0000e428      0x2ac Middlewares\Third_Party\FreeRTOS\Source\portable\GCC\ARM_CM0\port.o
 .debug_info    0x0000e6d4      0xb9a Middlewares\Third_Party\FreeRTOS\Source\portable\MemMang\heap_4.o
 .debug_info    0x0000f26e     0x1b09 Middlewares\Third_Party\FreeRTOS\Source\queue.o
 .debug_info    0x00010d77     0x23cd Middlewares\Third_Party\FreeRTOS\Source\tasks.o
 .debug_info    0x00013144     0x1296 Src\adc.o
 .debug_info    0x000143da      0xb25 Src\dma.o
 .debug_info    0x00014eff     0x17c5 Src\freertos.o
 .debug_info    0x000166c4      0xe01 Src\gpio.o
 .debug_info    0x000174c5     0x1284 Src\main.o
 .debug_info    0x00018749      0xb24 Src\stm32f0xx_hal_msp.o
 .debug_info    0x0001926d     0x1117 Src\stm32f0xx_hal_timebase_tim.o
 .debug_info    0x0001a384      0xe10 Src\stm32f0xx_it.o
 .debug_info    0x0001b194      0xa67 Src\system_stm32f0xx.o
 .debug_info    0x0001bbfb     0x14c7 Src\tim.o
 .debug_info    0x0001d0c2       0x97 startup\startup_stm32f051x8.o

.debug_abbrev   0x00000000     0x3b10
 .debug_abbrev  0x00000000      0x2b9 Drivers\STM32F0xx_HAL_Driver\Src\stm32f0xx_hal.o
 .debug_abbrev  0x000002b9      0x2b3 Drivers\STM32F0xx_HAL_Driver\Src\stm32f0xx_hal_adc.o
 .debug_abbrev  0x0000056c      0x2fa Drivers\STM32F0xx_HAL_Driver\Src\stm32f0xx_hal_cortex.o
 .debug_abbrev  0x00000866      0x295 Drivers\STM32F0xx_HAL_Driver\Src\stm32f0xx_hal_dma.o
 .debug_abbrev  0x00000afb      0x26a Drivers\STM32F0xx_HAL_Driver\Src\stm32f0xx_hal_gpio.o
 .debug_abbrev  0x00000d65      0x2ad Drivers\STM32F0xx_HAL_Driver\Src\stm32f0xx_hal_rcc.o
 .debug_abbrev  0x00001012      0x2a1 Drivers\STM32F0xx_HAL_Driver\Src\stm32f0xx_hal_tim.o
 .debug_abbrev  0x000012b3      0x2a1 Drivers\STM32F0xx_HAL_Driver\Src\stm32f0xx_hal_tim_ex.o
 .debug_abbrev  0x00001554      0x393 Middlewares\Third_Party\FreeRTOS\Source\CMSIS_RTOS\cmsis_os.o
 .debug_abbrev  0x000018e7      0x1e3 Middlewares\Third_Party\FreeRTOS\Source\list.o
 .debug_abbrev  0x00001aca      0x194 Middlewares\Third_Party\FreeRTOS\Source\portable\GCC\ARM_CM0\port.o
 .debug_abbrev  0x00001c5e      0x28f Middlewares\Third_Party\FreeRTOS\Source\portable\MemMang\heap_4.o
 .debug_abbrev  0x00001eed      0x2be Middlewares\Third_Party\FreeRTOS\Source\queue.o
 .debug_abbrev  0x000021ab      0x2f2 Middlewares\Third_Party\FreeRTOS\Source\tasks.o
 .debug_abbrev  0x0000249d      0x27e Src\adc.o
 .debug_abbrev  0x0000271b      0x1f7 Src\dma.o
 .debug_abbrev  0x00002912      0x2e0 Src\freertos.o
 .debug_abbrev  0x00002bf2      0x22a Src\gpio.o
 .debug_abbrev  0x00002e1c      0x25e Src\main.o
 .debug_abbrev  0x0000307a      0x1ea Src\stm32f0xx_hal_msp.o
 .debug_abbrev  0x00003264      0x26b Src\stm32f0xx_hal_timebase_tim.o
 .debug_abbrev  0x000034cf      0x1e2 Src\stm32f0xx_it.o
 .debug_abbrev  0x000036b1      0x1ca Src\system_stm32f0xx.o
 .debug_abbrev  0x0000387b      0x283 Src\tim.o
 .debug_abbrev  0x00003afe       0x12 startup\startup_stm32f051x8.o

.debug_loc      0x00000000     0xb150
 .debug_loc     0x00000000       0x7c Drivers\STM32F0xx_HAL_Driver\Src\stm32f0xx_hal.o
 .debug_loc     0x0000007c      0xc1d Drivers\STM32F0xx_HAL_Driver\Src\stm32f0xx_hal_adc.o
 .debug_loc     0x00000c99      0x393 Drivers\STM32F0xx_HAL_Driver\Src\stm32f0xx_hal_cortex.o
 .debug_loc     0x0000102c      0x7ee Drivers\STM32F0xx_HAL_Driver\Src\stm32f0xx_hal_dma.o
 .debug_loc     0x0000181a      0x2b2 Drivers\STM32F0xx_HAL_Driver\Src\stm32f0xx_hal_gpio.o
 .debug_loc     0x00001acc      0x416 Drivers\STM32F0xx_HAL_Driver\Src\stm32f0xx_hal_rcc.o
 .debug_loc     0x00001ee2     0x3808 Drivers\STM32F0xx_HAL_Driver\Src\stm32f0xx_hal_tim.o
 .debug_loc     0x000056ea     0x1286 Drivers\STM32F0xx_HAL_Driver\Src\stm32f0xx_hal_tim_ex.o
 .debug_loc     0x00006970     0x1171 Middlewares\Third_Party\FreeRTOS\Source\CMSIS_RTOS\cmsis_os.o
 .debug_loc     0x00007ae1       0x70 Middlewares\Third_Party\FreeRTOS\Source\list.o
 .debug_loc     0x00007b51       0xa6 Middlewares\Third_Party\FreeRTOS\Source\portable\GCC\ARM_CM0\port.o
 .debug_loc     0x00007bf7      0x29d Middlewares\Third_Party\FreeRTOS\Source\portable\MemMang\heap_4.o
 .debug_loc     0x00007e94     0x142f Middlewares\Third_Party\FreeRTOS\Source\queue.o
 .debug_loc     0x000092c3     0x17ee Middlewares\Third_Party\FreeRTOS\Source\tasks.o
 .debug_loc     0x0000aab1       0x8c Src\adc.o
 .debug_loc     0x0000ab3d      0x2cd Src\freertos.o
 .debug_loc     0x0000ae0a       0xc9 Src\gpio.o
 .debug_loc     0x0000aed3       0x3a Src\main.o
 .debug_loc     0x0000af0d       0x79 Src\stm32f0xx_hal_timebase_tim.o
 .debug_loc     0x0000af86      0x10e Src\system_stm32f0xx.o
 .debug_loc     0x0000b094       0xbc Src\tim.o

.debug_aranges  0x00000000      0xfd0
 .debug_aranges
                0x00000000       0xb8 Drivers\STM32F0xx_HAL_Driver\Src\stm32f0xx_hal.o
 .debug_aranges
                0x000000b8       0xf8 Drivers\STM32F0xx_HAL_Driver\Src\stm32f0xx_hal_adc.o
 .debug_aranges
                0x000001b0       0x78 Drivers\STM32F0xx_HAL_Driver\Src\stm32f0xx_hal_cortex.o
 .debug_aranges
                0x00000228       0x88 Drivers\STM32F0xx_HAL_Driver\Src\stm32f0xx_hal_dma.o
 .debug_aranges
                0x000002b0       0x58 Drivers\STM32F0xx_HAL_Driver\Src\stm32f0xx_hal_gpio.o
 .debug_aranges
                0x00000308       0x80 Drivers\STM32F0xx_HAL_Driver\Src\stm32f0xx_hal_rcc.o
 .debug_aranges
                0x00000388      0x378 Drivers\STM32F0xx_HAL_Driver\Src\stm32f0xx_hal_tim.o
 .debug_aranges
                0x00000700      0x148 Drivers\STM32F0xx_HAL_Driver\Src\stm32f0xx_hal_tim_ex.o
 .debug_aranges
                0x00000848      0x1d8 Middlewares\Third_Party\FreeRTOS\Source\CMSIS_RTOS\cmsis_os.o
 .debug_aranges
                0x00000a20       0x40 Middlewares\Third_Party\FreeRTOS\Source\list.o
 .debug_aranges
                0x00000a60       0x88 Middlewares\Third_Party\FreeRTOS\Source\portable\GCC\ARM_CM0\port.o
 .debug_aranges
                0x00000ae8       0x50 Middlewares\Third_Party\FreeRTOS\Source\portable\MemMang\heap_4.o
 .debug_aranges
                0x00000b38       0xe0 Middlewares\Third_Party\FreeRTOS\Source\queue.o
 .debug_aranges
                0x00000c18      0x190 Middlewares\Third_Party\FreeRTOS\Source\tasks.o
 .debug_aranges
                0x00000da8       0x40 Src\adc.o
 .debug_aranges
                0x00000de8       0x20 Src\dma.o
 .debug_aranges
                0x00000e08       0x40 Src\freertos.o
 .debug_aranges
                0x00000e48       0x30 Src\gpio.o
 .debug_aranges
                0x00000e78       0x38 Src\main.o
 .debug_aranges
                0x00000eb0       0x20 Src\stm32f0xx_hal_msp.o
 .debug_aranges
                0x00000ed0       0x30 Src\stm32f0xx_hal_timebase_tim.o
 .debug_aranges
                0x00000f00       0x38 Src\stm32f0xx_it.o
 .debug_aranges
                0x00000f38       0x28 Src\system_stm32f0xx.o
 .debug_aranges
                0x00000f60       0x48 Src\tim.o
 .debug_aranges
                0x00000fa8       0x28 startup\startup_stm32f051x8.o

.debug_ranges   0x00000000     0x1030
 .debug_ranges  0x00000000       0xa8 Drivers\STM32F0xx_HAL_Driver\Src\stm32f0xx_hal.o
 .debug_ranges  0x000000a8       0xe8 Drivers\STM32F0xx_HAL_Driver\Src\stm32f0xx_hal_adc.o
 .debug_ranges  0x00000190       0xb0 Drivers\STM32F0xx_HAL_Driver\Src\stm32f0xx_hal_cortex.o
 .debug_ranges  0x00000240       0x78 Drivers\STM32F0xx_HAL_Driver\Src\stm32f0xx_hal_dma.o
 .debug_ranges  0x000002b8       0x48 Drivers\STM32F0xx_HAL_Driver\Src\stm32f0xx_hal_gpio.o
 .debug_ranges  0x00000300       0x88 Drivers\STM32F0xx_HAL_Driver\Src\stm32f0xx_hal_rcc.o
 .debug_ranges  0x00000388      0x368 Drivers\STM32F0xx_HAL_Driver\Src\stm32f0xx_hal_tim.o
 .debug_ranges  0x000006f0      0x138 Drivers\STM32F0xx_HAL_Driver\Src\stm32f0xx_hal_tim_ex.o
 .debug_ranges  0x00000828      0x1c8 Middlewares\Third_Party\FreeRTOS\Source\CMSIS_RTOS\cmsis_os.o
 .debug_ranges  0x000009f0       0x30 Middlewares\Third_Party\FreeRTOS\Source\list.o
 .debug_ranges  0x00000a20       0x78 Middlewares\Third_Party\FreeRTOS\Source\portable\GCC\ARM_CM0\port.o
 .debug_ranges  0x00000a98       0x40 Middlewares\Third_Party\FreeRTOS\Source\portable\MemMang\heap_4.o
 .debug_ranges  0x00000ad8      0x180 Middlewares\Third_Party\FreeRTOS\Source\queue.o
 .debug_ranges  0x00000c58      0x220 Middlewares\Third_Party\FreeRTOS\Source\tasks.o
 .debug_ranges  0x00000e78       0x30 Src\adc.o
 .debug_ranges  0x00000ea8       0x10 Src\dma.o
 .debug_ranges  0x00000eb8       0x68 Src\freertos.o
 .debug_ranges  0x00000f20       0x20 Src\gpio.o
 .debug_ranges  0x00000f40       0x28 Src\main.o
 .debug_ranges  0x00000f68       0x10 Src\stm32f0xx_hal_msp.o
 .debug_ranges  0x00000f78       0x20 Src\stm32f0xx_hal_timebase_tim.o
 .debug_ranges  0x00000f98       0x28 Src\stm32f0xx_it.o
 .debug_ranges  0x00000fc0       0x18 Src\system_stm32f0xx.o
 .debug_ranges  0x00000fd8       0x38 Src\tim.o
 .debug_ranges  0x00001010       0x20 startup\startup_stm32f051x8.o

.debug_line     0x00000000     0x8116
 .debug_line    0x00000000      0x42d Drivers\STM32F0xx_HAL_Driver\Src\stm32f0xx_hal.o
 .debug_line    0x0000042d      0x7ff Drivers\STM32F0xx_HAL_Driver\Src\stm32f0xx_hal_adc.o
 .debug_line    0x00000c2c      0x3c9 Drivers\STM32F0xx_HAL_Driver\Src\stm32f0xx_hal_cortex.o
 .debug_line    0x00000ff5      0x4e6 Drivers\STM32F0xx_HAL_Driver\Src\stm32f0xx_hal_dma.o
 .debug_line    0x000014db      0x3de Drivers\STM32F0xx_HAL_Driver\Src\stm32f0xx_hal_gpio.o
 .debug_line    0x000018b9      0x52a Drivers\STM32F0xx_HAL_Driver\Src\stm32f0xx_hal_rcc.o
 .debug_line    0x00001de3     0x14b8 Drivers\STM32F0xx_HAL_Driver\Src\stm32f0xx_hal_tim.o
 .debug_line    0x0000329b      0x8ce Drivers\STM32F0xx_HAL_Driver\Src\stm32f0xx_hal_tim_ex.o
 .debug_line    0x00003b69      0x907 Middlewares\Third_Party\FreeRTOS\Source\CMSIS_RTOS\cmsis_os.o
 .debug_line    0x00004470      0x366 Middlewares\Third_Party\FreeRTOS\Source\list.o
 .debug_line    0x000047d6      0x2e9 Middlewares\Third_Party\FreeRTOS\Source\portable\GCC\ARM_CM0\port.o
 .debug_line    0x00004abf      0x3ba Middlewares\Third_Party\FreeRTOS\Source\portable\MemMang\heap_4.o
 .debug_line    0x00004e79      0x7dc Middlewares\Third_Party\FreeRTOS\Source\queue.o
 .debug_line    0x00005655      0xbf6 Middlewares\Third_Party\FreeRTOS\Source\tasks.o
 .debug_line    0x0000624b      0x349 Src\adc.o
 .debug_line    0x00006594      0x24e Src\dma.o
 .debug_line    0x000067e2      0x4ba Src\freertos.o
 .debug_line    0x00006c9c      0x2b1 Src\gpio.o
 .debug_line    0x00006f4d      0x378 Src\main.o
 .debug_line    0x000072c5      0x25d Src\stm32f0xx_hal_msp.o
 .debug_line    0x00007522      0x2f0 Src\stm32f0xx_hal_timebase_tim.o
 .debug_line    0x00007812      0x2b5 Src\stm32f0xx_it.o
 .debug_line    0x00007ac7      0x253 Src\system_stm32f0xx.o
 .debug_line    0x00007d1a      0x379 Src\tim.o
 .debug_line    0x00008093       0x83 startup\startup_stm32f051x8.o

.debug_str      0x00000000     0x4d36
 .debug_str     0x00000000      0xa01 Drivers\STM32F0xx_HAL_Driver\Src\stm32f0xx_hal.o
                                0xa8e (size before relaxing)
 .debug_str     0x00000a01      0x676 Drivers\STM32F0xx_HAL_Driver\Src\stm32f0xx_hal_adc.o
                                0xd2f (size before relaxing)
 .debug_str     0x00001077      0x1c7 Drivers\STM32F0xx_HAL_Driver\Src\stm32f0xx_hal_cortex.o
                                0xa96 (size before relaxing)
 .debug_str     0x0000123e      0x238 Drivers\STM32F0xx_HAL_Driver\Src\stm32f0xx_hal_dma.o
                                0xa98 (size before relaxing)
 .debug_str     0x00001476      0x1c1 Drivers\STM32F0xx_HAL_Driver\Src\stm32f0xx_hal_gpio.o
                                0x889 (size before relaxing)
 .debug_str     0x00001637      0x2e0 Drivers\STM32F0xx_HAL_Driver\Src\stm32f0xx_hal_rcc.o
                                0xa62 (size before relaxing)
 .debug_str     0x00001917      0xf37 Drivers\STM32F0xx_HAL_Driver\Src\stm32f0xx_hal_tim.o
                               0x1804 (size before relaxing)
 .debug_str     0x0000284e      0x50d Drivers\STM32F0xx_HAL_Driver\Src\stm32f0xx_hal_tim_ex.o
                               0x1130 (size before relaxing)
 .debug_str     0x00002d5b      0xb2c Middlewares\Third_Party\FreeRTOS\Source\CMSIS_RTOS\cmsis_os.o
                               0x11f4 (size before relaxing)
 .debug_str     0x00003887      0x159 Middlewares\Third_Party\FreeRTOS\Source\list.o
                                0x74f (size before relaxing)
 .debug_str     0x000039e0      0x144 Middlewares\Third_Party\FreeRTOS\Source\portable\GCC\ARM_CM0\port.o
                                0x3a2 (size before relaxing)
 .debug_str     0x00003b24      0x1e8 Middlewares\Third_Party\FreeRTOS\Source\portable\MemMang\heap_4.o
                                0x819 (size before relaxing)
 .debug_str     0x00003d0c      0x46d Middlewares\Third_Party\FreeRTOS\Source\queue.o
                                0xd06 (size before relaxing)
 .debug_str     0x00004179      0x6c9 Middlewares\Third_Party\FreeRTOS\Source\tasks.o
                               0x11de (size before relaxing)
 .debug_str     0x00004842       0x71 Src\adc.o
                                0xb81 (size before relaxing)
 .debug_str     0x000048b3       0x19 Src\dma.o
                                0x850 (size before relaxing)
 .debug_str     0x000048cc      0x278 Src\freertos.o
                                0xf8d (size before relaxing)
 .debug_str     0x00004b44       0x25 Src\gpio.o
                                0x7d1 (size before relaxing)
 .debug_str     0x00004b69       0x40 Src\main.o
                                0xd59 (size before relaxing)
 .debug_str     0x00004ba9       0x1b Src\stm32f0xx_hal_msp.o
                                0x84b (size before relaxing)
 .debug_str     0x00004bc4       0x50 Src\stm32f0xx_hal_timebase_tim.o
                                0xd4f (size before relaxing)
 .debug_str     0x00004c14       0x6c Src\stm32f0xx_it.o
                                0xa55 (size before relaxing)
 .debug_str     0x00004c80       0x5a Src\system_stm32f0xx.o
                                0x6af (size before relaxing)
 .debug_str     0x00004cda       0x5c Src\tim.o
                                0xd23 (size before relaxing)

.comment        0x00000000       0x7c
 .comment       0x00000000       0x7c Drivers\STM32F0xx_HAL_Driver\Src\stm32f0xx_hal.o
                                 0x7d (size before relaxing)
 .comment       0x0000007c       0x7d Drivers\STM32F0xx_HAL_Driver\Src\stm32f0xx_hal_adc.o
 .comment       0x0000007c       0x7d Drivers\STM32F0xx_HAL_Driver\Src\stm32f0xx_hal_cortex.o
 .comment       0x0000007c       0x7d Drivers\STM32F0xx_HAL_Driver\Src\stm32f0xx_hal_dma.o
 .comment       0x0000007c       0x7d Drivers\STM32F0xx_HAL_Driver\Src\stm32f0xx_hal_gpio.o
 .comment       0x0000007c       0x7d Drivers\STM32F0xx_HAL_Driver\Src\stm32f0xx_hal_rcc.o
 .comment       0x0000007c       0x7d Drivers\STM32F0xx_HAL_Driver\Src\stm32f0xx_hal_tim.o
 .comment       0x0000007c       0x7d Drivers\STM32F0xx_HAL_Driver\Src\stm32f0xx_hal_tim_ex.o
 .comment       0x0000007c       0x7d Middlewares\Third_Party\FreeRTOS\Source\CMSIS_RTOS\cmsis_os.o
 .comment       0x0000007c       0x7d Middlewares\Third_Party\FreeRTOS\Source\list.o
 .comment       0x0000007c       0x7d Middlewares\Third_Party\FreeRTOS\Source\portable\GCC\ARM_CM0\port.o
 .comment       0x0000007c       0x7d Middlewares\Third_Party\FreeRTOS\Source\portable\MemMang\heap_4.o
 .comment       0x0000007c       0x7d Middlewares\Third_Party\FreeRTOS\Source\queue.o
 .comment       0x0000007c       0x7d Middlewares\Third_Party\FreeRTOS\Source\tasks.o
 .comment       0x0000007c       0x7d Src\adc.o
 .comment       0x0000007c       0x7d Src\dma.o
 .comment       0x0000007c       0x7d Src\freertos.o
 .comment       0x0000007c       0x7d Src\gpio.o
 .comment       0x0000007c       0x7d Src\main.o
 .comment       0x0000007c       0x7d Src\stm32f0xx_hal_msp.o
 .comment       0x0000007c       0x7d Src\stm32f0xx_hal_timebase_tim.o
 .comment       0x0000007c       0x7d Src\stm32f0xx_it.o
 .comment       0x0000007c       0x7d Src\system_stm32f0xx.o
 .comment       0x0000007c       0x7d Src\tim.o

.debug_frame    0x00000000     0x2a9c
 .debug_frame   0x00000000      0x174 Drivers\STM32F0xx_HAL_Driver\Src\stm32f0xx_hal.o
 .debug_frame   0x00000174      0x2a0 Drivers\STM32F0xx_HAL_Driver\Src\stm32f0xx_hal_adc.o
 .debug_frame   0x00000414       0xe4 Drivers\STM32F0xx_HAL_Driver\Src\stm32f0xx_hal_cortex.o
 .debug_frame   0x000004f8      0x168 Drivers\STM32F0xx_HAL_Driver\Src\stm32f0xx_hal_dma.o
 .debug_frame   0x00000660       0xcc Drivers\STM32F0xx_HAL_Driver\Src\stm32f0xx_hal_gpio.o
 .debug_frame   0x0000072c      0x12c Drivers\STM32F0xx_HAL_Driver\Src\stm32f0xx_hal_rcc.o
 .debug_frame   0x00000858      0x9cc Drivers\STM32F0xx_HAL_Driver\Src\stm32f0xx_hal_tim.o
 .debug_frame   0x00001224      0x3a0 Drivers\STM32F0xx_HAL_Driver\Src\stm32f0xx_hal_tim_ex.o
 .debug_frame   0x000015c4      0x538 Middlewares\Third_Party\FreeRTOS\Source\CMSIS_RTOS\cmsis_os.o
 .debug_frame   0x00001afc       0x6c Middlewares\Third_Party\FreeRTOS\Source\list.o
 .debug_frame   0x00001b68      0x110 Middlewares\Third_Party\FreeRTOS\Source\portable\GCC\ARM_CM0\port.o
 .debug_frame   0x00001c78       0xa0 Middlewares\Third_Party\FreeRTOS\Source\portable\MemMang\heap_4.o
 .debug_frame   0x00001d18      0x28c Middlewares\Third_Party\FreeRTOS\Source\queue.o
 .debug_frame   0x00001fa4      0x488 Middlewares\Third_Party\FreeRTOS\Source\tasks.o
 .debug_frame   0x0000242c       0x8c Src\adc.o
 .debug_frame   0x000024b8       0x28 Src\dma.o
 .debug_frame   0x000024e0       0x9c Src\freertos.o
 .debug_frame   0x0000257c       0x60 Src\gpio.o
 .debug_frame   0x000025dc       0x6c Src\main.o
 .debug_frame   0x00002648       0x28 Src\stm32f0xx_hal_msp.o
 .debug_frame   0x00002670       0x48 Src\stm32f0xx_hal_timebase_tim.o
 .debug_frame   0x000026b8       0x60 Src\stm32f0xx_it.o
 .debug_frame   0x00002718       0x38 Src\system_stm32f0xx.o
 .debug_frame   0x00002750       0x9c Src\tim.o
 .debug_frame   0x000027ec       0x2c c:/program files (x86)/atollic/truestudio for stm32 9.3.0/armtools/bin/../lib/gcc/arm-atollic-eabi/6.3.1/../../../../arm-atollic-eabi/lib/armv6-m\libc_nano.a(lib_a-init.o)
 .debug_frame   0x00002818       0x20 c:/program files (x86)/atollic/truestudio for stm32 9.3.0/armtools/bin/../lib/gcc/arm-atollic-eabi/6.3.1/../../../../arm-atollic-eabi/lib/armv6-m\libc_nano.a(lib_a-memset.o)
 .debug_frame   0x00002838       0x6c c:/program files (x86)/atollic/truestudio for stm32 9.3.0/armtools/bin/../lib/gcc/arm-atollic-eabi/6.3.1/../../../../arm-atollic-eabi/lib/armv6-m\libc_nano.a(lib_a-qsort.o)
 .debug_frame   0x000028a4       0x20 c:/program files (x86)/atollic/truestudio for stm32 9.3.0/armtools/bin/../lib/gcc/arm-atollic-eabi/6.3.1/armv6-m\libgcc.a(_udivsi3.o)
 .debug_frame   0x000028c4       0x2c c:/program files (x86)/atollic/truestudio for stm32 9.3.0/armtools/bin/../lib/gcc/arm-atollic-eabi/6.3.1/armv6-m\libgcc.a(_fixunsdfsi.o)
 .debug_frame   0x000028f0       0x3c c:/program files (x86)/atollic/truestudio for stm32 9.3.0/armtools/bin/../lib/gcc/arm-atollic-eabi/6.3.1/armv6-m\libgcc.a(divdf3.o)
 .debug_frame   0x0000292c       0x38 c:/program files (x86)/atollic/truestudio for stm32 9.3.0/armtools/bin/../lib/gcc/arm-atollic-eabi/6.3.1/armv6-m\libgcc.a(eqdf2.o)
 .debug_frame   0x00002964       0x38 c:/program files (x86)/atollic/truestudio for stm32 9.3.0/armtools/bin/../lib/gcc/arm-atollic-eabi/6.3.1/armv6-m\libgcc.a(gedf2.o)
 .debug_frame   0x0000299c       0x38 c:/program files (x86)/atollic/truestudio for stm32 9.3.0/armtools/bin/../lib/gcc/arm-atollic-eabi/6.3.1/armv6-m\libgcc.a(ledf2.o)
 .debug_frame   0x000029d4       0x3c c:/program files (x86)/atollic/truestudio for stm32 9.3.0/armtools/bin/../lib/gcc/arm-atollic-eabi/6.3.1/armv6-m\libgcc.a(muldf3.o)
 .debug_frame   0x00002a10       0x38 c:/program files (x86)/atollic/truestudio for stm32 9.3.0/armtools/bin/../lib/gcc/arm-atollic-eabi/6.3.1/armv6-m\libgcc.a(subdf3.o)
 .debug_frame   0x00002a48       0x2c c:/program files (x86)/atollic/truestudio for stm32 9.3.0/armtools/bin/../lib/gcc/arm-atollic-eabi/6.3.1/armv6-m\libgcc.a(fixdfsi.o)
 .debug_frame   0x00002a74       0x28 c:/program files (x86)/atollic/truestudio for stm32 9.3.0/armtools/bin/../lib/gcc/arm-atollic-eabi/6.3.1/armv6-m\libgcc.a(floatunsidf.o)
